This is pdfTeX, Version 3.141592653-2.6-1.40.25 (TeX Live 2023) (preloaded format=pdflatex 2024.2.12)  25 FEB 2026 17:07
entering extended mode
 restricted \write18 enabled.
 file:line:error style messages enabled.
 %&-line parsing enabled.
**ATT_slides_version0-5.tex
(./ATT_slides_version0-5.tex
LaTeX2e <2023-11-01> patch level 1
L3 programming layer <2024-01-22>
(/usr/local/texlive/2023/texmf-dist/tex/latex/beamer/beamer.cls
Document Class: beamer 2024/01/06 v3.71 A class for typesetting presentations
(/usr/local/texlive/2023/texmf-dist/tex/latex/beamer/beamerbasemodes.sty
(/usr/local/texlive/2023/texmf-dist/tex/latex/etoolbox/etoolbox.sty
Package: etoolbox 2020/10/05 v2.5k e-TeX tools for LaTeX (JAW)
\etb@tempcnta=\count187
)
\beamer@tempbox=\box51
\beamer@tempcount=\count188
\c@beamerpauses=\count189

(/usr/local/texlive/2023/texmf-dist/tex/latex/beamer/beamerbasedecode.sty
\beamer@slideinframe=\count190
\beamer@minimum=\count191
\beamer@decode@box=\box52
)
\beamer@commentbox=\box53
\beamer@modecount=\count192
)
(/usr/local/texlive/2023/texmf-dist/tex/generic/iftex/iftex.sty
Package: iftex 2022/02/03 v1.0f TeX engine tests
)
\headdp=\dimen140
\footheight=\dimen141
\sidebarheight=\dimen142
\beamer@tempdim=\dimen143
\beamer@finalheight=\dimen144
\beamer@animht=\dimen145
\beamer@animdp=\dimen146
\beamer@animwd=\dimen147
\beamer@leftmargin=\dimen148
\beamer@rightmargin=\dimen149
\beamer@leftsidebar=\dimen150
\beamer@rightsidebar=\dimen151
\beamer@boxsize=\dimen152
\beamer@vboxoffset=\dimen153
\beamer@descdefault=\dimen154
\beamer@descriptionwidth=\dimen155
\beamer@lastskip=\skip48
\beamer@areabox=\box54
\beamer@animcurrent=\box55
\beamer@animshowbox=\box56
\beamer@sectionbox=\box57
\beamer@logobox=\box58
\beamer@linebox=\box59
\beamer@sectioncount=\count193
\beamer@subsubsectionmax=\count194
\beamer@subsectionmax=\count195
\beamer@sectionmax=\count196
\beamer@totalheads=\count197
\beamer@headcounter=\count198
\beamer@partstartpage=\count199
\beamer@sectionstartpage=\count266
\beamer@subsectionstartpage=\count267
\beamer@animationtempa=\count268
\beamer@animationtempb=\count269
\beamer@xpos=\count270
\beamer@ypos=\count271
\beamer@ypos@offset=\count272
\beamer@showpartnumber=\count273
\beamer@currentsubsection=\count274
\beamer@coveringdepth=\count275
\beamer@sectionadjust=\count276
\beamer@toclastsection=\count277
\beamer@tocsectionnumber=\count278

(/usr/local/texlive/2023/texmf-dist/tex/latex/beamer/beamerbaseoptions.sty
(/usr/local/texlive/2023/texmf-dist/tex/latex/graphics/keyval.sty
Package: keyval 2022/05/29 v1.15 key=value parser (DPC)
\KV@toks@=\toks17
))
\beamer@paperwidth=\skip49
\beamer@paperheight=\skip50

(/usr/local/texlive/2023/texmf-dist/tex/latex/geometry/geometry.sty
Package: geometry 2020/01/02 v5.9 Page Geometry

(/usr/local/texlive/2023/texmf-dist/tex/generic/iftex/ifvtex.sty
Package: ifvtex 2019/10/25 v1.7 ifvtex legacy package. Use iftex instead.
)
\Gm@cnth=\count279
\Gm@cntv=\count280
\c@Gm@tempcnt=\count281
\Gm@bindingoffset=\dimen156
\Gm@wd@mp=\dimen157
\Gm@odd@mp=\dimen158
\Gm@even@mp=\dimen159
\Gm@layoutwidth=\dimen160
\Gm@layoutheight=\dimen161
\Gm@layouthoffset=\dimen162
\Gm@layoutvoffset=\dimen163
\Gm@dimlist=\toks18
)
(/usr/local/texlive/2023/texmf-dist/tex/latex/pgf/math/pgfmath.sty
(/usr/local/texlive/2023/texmf-dist/tex/latex/pgf/utilities/pgfrcs.sty
(/usr/local/texlive/2023/texmf-dist/tex/generic/pgf/utilities/pgfutil-common.te
x
\pgfutil@everybye=\toks19
\pgfutil@tempdima=\dimen164
\pgfutil@tempdimb=\dimen165
)
(/usr/local/texlive/2023/texmf-dist/tex/generic/pgf/utilities/pgfutil-latex.def
\pgfutil@abb=\box60
) (/usr/local/texlive/2023/texmf-dist/tex/generic/pgf/utilities/pgfrcs.code.tex
(/usr/local/texlive/2023/texmf-dist/tex/generic/pgf/pgf.revision.tex)
Package: pgfrcs 2023-01-15 v3.1.10 (3.1.10)
))
(/usr/local/texlive/2023/texmf-dist/tex/latex/pgf/utilities/pgfkeys.sty
(/usr/local/texlive/2023/texmf-dist/tex/generic/pgf/utilities/pgfkeys.code.tex
\pgfkeys@pathtoks=\toks20
\pgfkeys@temptoks=\toks21

(/usr/local/texlive/2023/texmf-dist/tex/generic/pgf/utilities/pgfkeyslibraryfil
tered.code.tex
\pgfkeys@tmptoks=\toks22
)))
(/usr/local/texlive/2023/texmf-dist/tex/generic/pgf/math/pgfmath.code.tex
(/usr/local/texlive/2023/texmf-dist/tex/generic/pgf/math/pgfmathutil.code.tex
\pgf@x=\dimen166
\pgf@xa=\dimen167
\pgf@xb=\dimen168
\pgf@xc=\dimen169
\pgf@y=\dimen170
\pgf@ya=\dimen171
\pgf@yb=\dimen172
\pgf@yc=\dimen173
\c@pgf@counta=\count282
\c@pgf@countb=\count283
\c@pgf@countc=\count284
\c@pgf@countd=\count285
)
(/usr/local/texlive/2023/texmf-dist/tex/generic/pgf/math/pgfmathparser.code.tex
\pgfmath@dimen=\dimen174
\pgfmath@count=\count286
\pgfmath@box=\box61
\pgfmath@toks=\toks23
\pgfmath@stack@operand=\toks24
\pgfmath@stack@operation=\toks25
)
(/usr/local/texlive/2023/texmf-dist/tex/generic/pgf/math/pgfmathfunctions.code.
tex)
(/usr/local/texlive/2023/texmf-dist/tex/generic/pgf/math/pgfmathfunctions.basic
.code.tex)
(/usr/local/texlive/2023/texmf-dist/tex/generic/pgf/math/pgfmathfunctions.trigo
nometric.code.tex)
(/usr/local/texlive/2023/texmf-dist/tex/generic/pgf/math/pgfmathfunctions.rando
m.code.tex)
(/usr/local/texlive/2023/texmf-dist/tex/generic/pgf/math/pgfmathfunctions.compa
rison.code.tex)
(/usr/local/texlive/2023/texmf-dist/tex/generic/pgf/math/pgfmathfunctions.base.
code.tex)
(/usr/local/texlive/2023/texmf-dist/tex/generic/pgf/math/pgfmathfunctions.round
.code.tex)
(/usr/local/texlive/2023/texmf-dist/tex/generic/pgf/math/pgfmathfunctions.misc.
code.tex)
(/usr/local/texlive/2023/texmf-dist/tex/generic/pgf/math/pgfmathfunctions.integ
erarithmetics.code.tex)
(/usr/local/texlive/2023/texmf-dist/tex/generic/pgf/math/pgfmathcalc.code.tex)
(/usr/local/texlive/2023/texmf-dist/tex/generic/pgf/math/pgfmathfloat.code.tex
\c@pgfmathroundto@lastzeros=\count287
))) (/usr/local/texlive/2023/texmf-dist/tex/latex/base/size11.clo
File: size11.clo 2023/05/17 v1.4n Standard LaTeX file (size option)
)
(/usr/local/texlive/2023/texmf-dist/tex/latex/pgf/basiclayer/pgfcore.sty
(/usr/local/texlive/2023/texmf-dist/tex/latex/graphics/graphicx.sty
Package: graphicx 2021/09/16 v1.2d Enhanced LaTeX Graphics (DPC,SPQR)

(/usr/local/texlive/2023/texmf-dist/tex/latex/graphics/graphics.sty
Package: graphics 2022/03/10 v1.4e Standard LaTeX Graphics (DPC,SPQR)

(/usr/local/texlive/2023/texmf-dist/tex/latex/graphics/trig.sty
Package: trig 2021/08/11 v1.11 sin cos tan (DPC)
)
(/usr/local/texlive/2023/texmf-dist/tex/latex/graphics-cfg/graphics.cfg
File: graphics.cfg 2016/06/04 v1.11 sample graphics configuration
)
Package graphics Info: Driver file: pdftex.def on input line 107.

(/usr/local/texlive/2023/texmf-dist/tex/latex/graphics-def/pdftex.def
File: pdftex.def 2022/09/22 v1.2b Graphics/color driver for pdftex
))
\Gin@req@height=\dimen175
\Gin@req@width=\dimen176
)
(/usr/local/texlive/2023/texmf-dist/tex/latex/pgf/systemlayer/pgfsys.sty
(/usr/local/texlive/2023/texmf-dist/tex/generic/pgf/systemlayer/pgfsys.code.tex
Package: pgfsys 2023-01-15 v3.1.10 (3.1.10)
\pgf@x=\dimen177
\pgf@y=\dimen178
\pgf@xa=\dimen179
\pgf@ya=\dimen180
\pgf@xb=\dimen181
\pgf@yb=\dimen182
\pgf@xc=\dimen183
\pgf@yc=\dimen184
\pgf@xd=\dimen185
\pgf@yd=\dimen186
\w@pgf@writea=\write3
\r@pgf@reada=\read2
\c@pgf@counta=\count288
\c@pgf@countb=\count289
\c@pgf@countc=\count290
\c@pgf@countd=\count291
\t@pgf@toka=\toks26
\t@pgf@tokb=\toks27
\t@pgf@tokc=\toks28
\pgf@sys@id@count=\count292
(/usr/local/texlive/2023/texmf-dist/tex/generic/pgf/systemlayer/pgf.cfg
File: pgf.cfg 2023-01-15 v3.1.10 (3.1.10)
)
Driver file for pgf: pgfsys-pdftex.def

(/usr/local/texlive/2023/texmf-dist/tex/generic/pgf/systemlayer/pgfsys-pdftex.d
ef
File: pgfsys-pdftex.def 2023-01-15 v3.1.10 (3.1.10)

(/usr/local/texlive/2023/texmf-dist/tex/generic/pgf/systemlayer/pgfsys-common-p
df.def
File: pgfsys-common-pdf.def 2023-01-15 v3.1.10 (3.1.10)
)))
(/usr/local/texlive/2023/texmf-dist/tex/generic/pgf/systemlayer/pgfsyssoftpath.
code.tex
File: pgfsyssoftpath.code.tex 2023-01-15 v3.1.10 (3.1.10)
\pgfsyssoftpath@smallbuffer@items=\count293
\pgfsyssoftpath@bigbuffer@items=\count294
)
(/usr/local/texlive/2023/texmf-dist/tex/generic/pgf/systemlayer/pgfsysprotocol.
code.tex
File: pgfsysprotocol.code.tex 2023-01-15 v3.1.10 (3.1.10)
)) (/usr/local/texlive/2023/texmf-dist/tex/latex/xcolor/xcolor.sty
Package: xcolor 2023/11/15 v3.01 LaTeX color extensions (UK)

(/usr/local/texlive/2023/texmf-dist/tex/latex/graphics-cfg/color.cfg
File: color.cfg 2016/01/02 v1.6 sample color configuration
)
Package xcolor Info: Driver file: pdftex.def on input line 274.

(/usr/local/texlive/2023/texmf-dist/tex/latex/graphics/mathcolor.ltx)
Package xcolor Info: Model `cmy' substituted by `cmy0' on input line 1350.
Package xcolor Info: Model `hsb' substituted by `rgb' on input line 1354.
Package xcolor Info: Model `RGB' extended on input line 1366.
Package xcolor Info: Model `HTML' substituted by `rgb' on input line 1368.
Package xcolor Info: Model `Hsb' substituted by `hsb' on input line 1369.
Package xcolor Info: Model `tHsb' substituted by `hsb' on input line 1370.
Package xcolor Info: Model `HSB' substituted by `hsb' on input line 1371.
Package xcolor Info: Model `Gray' substituted by `gray' on input line 1372.
Package xcolor Info: Model `wave' substituted by `hsb' on input line 1373.
)
(/usr/local/texlive/2023/texmf-dist/tex/generic/pgf/basiclayer/pgfcore.code.tex
Package: pgfcore 2023-01-15 v3.1.10 (3.1.10)
(/usr/local/texlive/2023/texmf-dist/tex/generic/pgf/math/pgfint.code.tex)
(/usr/local/texlive/2023/texmf-dist/tex/generic/pgf/basiclayer/pgfcorepoints.co
de.tex
File: pgfcorepoints.code.tex 2023-01-15 v3.1.10 (3.1.10)
\pgf@picminx=\dimen187
\pgf@picmaxx=\dimen188
\pgf@picminy=\dimen189
\pgf@picmaxy=\dimen190
\pgf@pathminx=\dimen191
\pgf@pathmaxx=\dimen192
\pgf@pathminy=\dimen193
\pgf@pathmaxy=\dimen194
\pgf@xx=\dimen195
\pgf@xy=\dimen196
\pgf@yx=\dimen197
\pgf@yy=\dimen198
\pgf@zx=\dimen199
\pgf@zy=\dimen256
)
(/usr/local/texlive/2023/texmf-dist/tex/generic/pgf/basiclayer/pgfcorepathconst
ruct.code.tex
File: pgfcorepathconstruct.code.tex 2023-01-15 v3.1.10 (3.1.10)
\pgf@path@lastx=\dimen257
\pgf@path@lasty=\dimen258
)
(/usr/local/texlive/2023/texmf-dist/tex/generic/pgf/basiclayer/pgfcorepathusage
.code.tex
File: pgfcorepathusage.code.tex 2023-01-15 v3.1.10 (3.1.10)
\pgf@shorten@end@additional=\dimen259
\pgf@shorten@start@additional=\dimen260
)
(/usr/local/texlive/2023/texmf-dist/tex/generic/pgf/basiclayer/pgfcorescopes.co
de.tex
File: pgfcorescopes.code.tex 2023-01-15 v3.1.10 (3.1.10)
\pgfpic=\box62
\pgf@hbox=\box63
\pgf@layerbox@main=\box64
\pgf@picture@serial@count=\count295
)
(/usr/local/texlive/2023/texmf-dist/tex/generic/pgf/basiclayer/pgfcoregraphicst
ate.code.tex
File: pgfcoregraphicstate.code.tex 2023-01-15 v3.1.10 (3.1.10)
\pgflinewidth=\dimen261
)
(/usr/local/texlive/2023/texmf-dist/tex/generic/pgf/basiclayer/pgfcoretransform
ations.code.tex
File: pgfcoretransformations.code.tex 2023-01-15 v3.1.10 (3.1.10)
\pgf@pt@x=\dimen262
\pgf@pt@y=\dimen263
\pgf@pt@temp=\dimen264
)
(/usr/local/texlive/2023/texmf-dist/tex/generic/pgf/basiclayer/pgfcorequick.cod
e.tex
File: pgfcorequick.code.tex 2023-01-15 v3.1.10 (3.1.10)
)
(/usr/local/texlive/2023/texmf-dist/tex/generic/pgf/basiclayer/pgfcoreobjects.c
ode.tex
File: pgfcoreobjects.code.tex 2023-01-15 v3.1.10 (3.1.10)
)
(/usr/local/texlive/2023/texmf-dist/tex/generic/pgf/basiclayer/pgfcorepathproce
ssing.code.tex
File: pgfcorepathprocessing.code.tex 2023-01-15 v3.1.10 (3.1.10)
)
(/usr/local/texlive/2023/texmf-dist/tex/generic/pgf/basiclayer/pgfcorearrows.co
de.tex
File: pgfcorearrows.code.tex 2023-01-15 v3.1.10 (3.1.10)
\pgfarrowsep=\dimen265
)
(/usr/local/texlive/2023/texmf-dist/tex/generic/pgf/basiclayer/pgfcoreshade.cod
e.tex
File: pgfcoreshade.code.tex 2023-01-15 v3.1.10 (3.1.10)
\pgf@max=\dimen266
\pgf@sys@shading@range@num=\count296
\pgf@shadingcount=\count297
)
(/usr/local/texlive/2023/texmf-dist/tex/generic/pgf/basiclayer/pgfcoreimage.cod
e.tex
File: pgfcoreimage.code.tex 2023-01-15 v3.1.10 (3.1.10)
)
(/usr/local/texlive/2023/texmf-dist/tex/generic/pgf/basiclayer/pgfcoreexternal.
code.tex
File: pgfcoreexternal.code.tex 2023-01-15 v3.1.10 (3.1.10)
\pgfexternal@startupbox=\box65
)
(/usr/local/texlive/2023/texmf-dist/tex/generic/pgf/basiclayer/pgfcorelayers.co
de.tex
File: pgfcorelayers.code.tex 2023-01-15 v3.1.10 (3.1.10)
)
(/usr/local/texlive/2023/texmf-dist/tex/generic/pgf/basiclayer/pgfcoretranspare
ncy.code.tex
File: pgfcoretransparency.code.tex 2023-01-15 v3.1.10 (3.1.10)
)
(/usr/local/texlive/2023/texmf-dist/tex/generic/pgf/basiclayer/pgfcorepatterns.
code.tex
File: pgfcorepatterns.code.tex 2023-01-15 v3.1.10 (3.1.10)
)
(/usr/local/texlive/2023/texmf-dist/tex/generic/pgf/basiclayer/pgfcorerdf.code.
tex
File: pgfcorerdf.code.tex 2023-01-15 v3.1.10 (3.1.10)
))) (/usr/local/texlive/2023/texmf-dist/tex/latex/pgf/utilities/xxcolor.sty
Package: xxcolor 2003/10/24 ver 0.1
\XC@nummixins=\count298
\XC@countmixins=\count299
) (/usr/local/texlive/2023/texmf-dist/tex/latex/base/atbegshi-ltx.sty
Package: atbegshi-ltx 2021/01/10 v1.0c Emulation of the original atbegshi
package with kernel methods
)
(/usr/local/texlive/2023/texmf-dist/tex/latex/hyperref/hyperref.sty
Package: hyperref 2024-01-20 v7.01h Hypertext links for LaTeX

(/usr/local/texlive/2023/texmf-dist/tex/latex/kvsetkeys/kvsetkeys.sty
Package: kvsetkeys 2022-10-05 v1.19 Key value parser (HO)
)
(/usr/local/texlive/2023/texmf-dist/tex/generic/kvdefinekeys/kvdefinekeys.sty
Package: kvdefinekeys 2019-12-19 v1.6 Define keys (HO)
)
(/usr/local/texlive/2023/texmf-dist/tex/generic/pdfescape/pdfescape.sty
Package: pdfescape 2019/12/09 v1.15 Implements pdfTeX's escape features (HO)

(/usr/local/texlive/2023/texmf-dist/tex/generic/ltxcmds/ltxcmds.sty
Package: ltxcmds 2023-12-04 v1.26 LaTeX kernel commands for general use (HO)
)
(/usr/local/texlive/2023/texmf-dist/tex/generic/pdftexcmds/pdftexcmds.sty
Package: pdftexcmds 2020-06-27 v0.33 Utility functions of pdfTeX for LuaTeX (HO
)

(/usr/local/texlive/2023/texmf-dist/tex/generic/infwarerr/infwarerr.sty
Package: infwarerr 2019/12/03 v1.5 Providing info/warning/error messages (HO)
)
Package pdftexcmds Info: \pdf@primitive is available.
Package pdftexcmds Info: \pdf@ifprimitive is available.
Package pdftexcmds Info: \pdfdraftmode found.
))
(/usr/local/texlive/2023/texmf-dist/tex/latex/hycolor/hycolor.sty
Package: hycolor 2020-01-27 v1.10 Color options for hyperref/bookmark (HO)
)
(/usr/local/texlive/2023/texmf-dist/tex/latex/auxhook/auxhook.sty
Package: auxhook 2019-12-17 v1.6 Hooks for auxiliary files (HO)
)
(/usr/local/texlive/2023/texmf-dist/tex/latex/hyperref/nameref.sty
Package: nameref 2023-11-26 v2.56 Cross-referencing by name of section

(/usr/local/texlive/2023/texmf-dist/tex/latex/refcount/refcount.sty
Package: refcount 2019/12/15 v3.6 Data extraction from label references (HO)
)
(/usr/local/texlive/2023/texmf-dist/tex/generic/gettitlestring/gettitlestring.s
ty
Package: gettitlestring 2019/12/15 v1.6 Cleanup title references (HO)
 (/usr/local/texlive/2023/texmf-dist/tex/latex/kvoptions/kvoptions.sty
Package: kvoptions 2022-06-15 v3.15 Key value format for package options (HO)
))
\c@section@level=\count300
)
\@linkdim=\dimen267
\Hy@linkcounter=\count301
\Hy@pagecounter=\count302

(/usr/local/texlive/2023/texmf-dist/tex/latex/hyperref/pd1enc.def
File: pd1enc.def 2024-01-20 v7.01h Hyperref: PDFDocEncoding definition (HO)
Now handling font encoding PD1 ...
... no UTF-8 mapping file for font encoding PD1
)
(/usr/local/texlive/2023/texmf-dist/tex/generic/intcalc/intcalc.sty
Package: intcalc 2019/12/15 v1.3 Expandable calculations with integers (HO)
)
\Hy@SavedSpaceFactor=\count303

(/usr/local/texlive/2023/texmf-dist/tex/latex/hyperref/puenc.def
File: puenc.def 2024-01-20 v7.01h Hyperref: PDF Unicode definition (HO)
Now handling font encoding PU ...
... no UTF-8 mapping file for font encoding PU
)
Package hyperref Info: Option `bookmarks' set `true' on input line 4062.
Package hyperref Info: Option `bookmarksopen' set `true' on input line 4062.
Package hyperref Info: Option `implicit' set `false' on input line 4062.
Package hyperref Info: Hyper figures OFF on input line 4179.
Package hyperref Info: Link nesting OFF on input line 4184.
Package hyperref Info: Hyper index ON on input line 4187.
Package hyperref Info: Plain pages OFF on input line 4194.
Package hyperref Info: Backreferencing OFF on input line 4199.
Package hyperref Info: Implicit mode OFF; no redefinition of LaTeX internals.
Package hyperref Info: Bookmarks ON on input line 4446.
\c@Hy@tempcnt=\count304

(/usr/local/texlive/2023/texmf-dist/tex/latex/url/url.sty
\Urlmuskip=\muskip16
Package: url 2013/09/16  ver 3.4  Verb mode for urls, etc.
)
LaTeX Info: Redefining \url on input line 4784.
\XeTeXLinkMargin=\dimen268

(/usr/local/texlive/2023/texmf-dist/tex/generic/bitset/bitset.sty
Package: bitset 2019/12/09 v1.3 Handle bit-vector datatype (HO)

(/usr/local/texlive/2023/texmf-dist/tex/generic/bigintcalc/bigintcalc.sty
Package: bigintcalc 2019/12/15 v1.5 Expandable calculations on big integers (HO
)
))
\Fld@menulength=\count305
\Field@Width=\dimen269
\Fld@charsize=\dimen270
Package hyperref Info: Hyper figures OFF on input line 6063.
Package hyperref Info: Link nesting OFF on input line 6068.
Package hyperref Info: Hyper index ON on input line 6071.
Package hyperref Info: backreferencing OFF on input line 6078.
Package hyperref Info: Link coloring OFF on input line 6083.
Package hyperref Info: Link coloring with OCG OFF on input line 6088.
Package hyperref Info: PDF/A mode OFF on input line 6093.
\Hy@abspage=\count306


Package hyperref Message: Stopped early.

)
Package hyperref Info: Driver (autodetected): hpdftex.
 (/usr/local/texlive/2023/texmf-dist/tex/latex/hyperref/hpdftex.def
File: hpdftex.def 2024-01-20 v7.01h Hyperref driver for pdfTeX

(/usr/local/texlive/2023/texmf-dist/tex/latex/base/atveryend-ltx.sty
Package: atveryend-ltx 2020/08/19 v1.0a Emulation of the original atveryend pac
kage
with kernel methods
)
\Fld@listcount=\count307
\c@bookmark@seq@number=\count308

(/usr/local/texlive/2023/texmf-dist/tex/latex/rerunfilecheck/rerunfilecheck.sty
Package: rerunfilecheck 2022-07-10 v1.10 Rerun checks for auxiliary files (HO)

(/usr/local/texlive/2023/texmf-dist/tex/generic/uniquecounter/uniquecounter.sty
Package: uniquecounter 2019/12/15 v1.4 Provide unlimited unique counter (HO)
)
Package uniquecounter Info: New unique counter `rerunfilecheck' on input line 2
85.
)) (/usr/local/texlive/2023/texmf-dist/tex/latex/beamer/beamerbaserequires.sty
(/usr/local/texlive/2023/texmf-dist/tex/latex/beamer/beamerbasecompatibility.st
y) (/usr/local/texlive/2023/texmf-dist/tex/latex/beamer/beamerbasefont.sty
(/usr/local/texlive/2023/texmf-dist/tex/latex/amsfonts/amssymb.sty
Package: amssymb 2013/01/14 v3.01 AMS font symbols

(/usr/local/texlive/2023/texmf-dist/tex/latex/amsfonts/amsfonts.sty
Package: amsfonts 2013/01/14 v3.01 Basic AMSFonts support
\@emptytoks=\toks29
\symAMSa=\mathgroup4
\symAMSb=\mathgroup5
LaTeX Font Info:    Redeclaring math symbol \hbar on input line 98.
LaTeX Font Info:    Overwriting math alphabet `\mathfrak' in version `bold'
(Font)                  U/euf/m/n --> U/euf/b/n on input line 106.
))
(/usr/local/texlive/2023/texmf-dist/tex/latex/sansmathaccent/sansmathaccent.sty
Package: sansmathaccent 2020/01/31
(/usr/local/texlive/2023/texmf-dist/tex/latex/koma-script/scrlfile.sty
Package: scrlfile 2023/07/07 v3.41 KOMA-Script package (file load hooks)

(/usr/local/texlive/2023/texmf-dist/tex/latex/koma-script/scrlfile-hook.sty
Package: scrlfile-hook 2023/07/07 v3.41 KOMA-Script package (using LaTeX hooks)


(/usr/local/texlive/2023/texmf-dist/tex/latex/koma-script/scrlogo.sty
Package: scrlogo 2023/07/07 v3.41 KOMA-Script package (logo)
)))))
(/usr/local/texlive/2023/texmf-dist/tex/latex/beamer/beamerbasetranslator.sty
(/usr/local/texlive/2023/texmf-dist/tex/latex/translator/translator.sty
Package: translator 2021-05-31 v1.12d Easy translation of strings in LaTeX
))
(/usr/local/texlive/2023/texmf-dist/tex/latex/beamer/beamerbasemisc.sty)
(/usr/local/texlive/2023/texmf-dist/tex/latex/beamer/beamerbasetwoscreens.sty)
(/usr/local/texlive/2023/texmf-dist/tex/latex/beamer/beamerbaseoverlay.sty
\beamer@argscount=\count309
\beamer@lastskipcover=\skip51
\beamer@trivlistdepth=\count310
)
(/usr/local/texlive/2023/texmf-dist/tex/latex/beamer/beamerbasetitle.sty)
(/usr/local/texlive/2023/texmf-dist/tex/latex/beamer/beamerbasesection.sty
\c@lecture=\count311
\c@part=\count312
\c@section=\count313
\c@subsection=\count314
\c@subsubsection=\count315
)
(/usr/local/texlive/2023/texmf-dist/tex/latex/beamer/beamerbaseframe.sty
\beamer@framebox=\box66
\beamer@frametitlebox=\box67
\beamer@zoombox=\box68
\beamer@zoomcount=\count316
\beamer@zoomframecount=\count317
\beamer@frametextheight=\dimen271
\c@subsectionslide=\count318
\beamer@frametopskip=\skip52
\beamer@framebottomskip=\skip53
\beamer@frametopskipautobreak=\skip54
\beamer@framebottomskipautobreak=\skip55
\beamer@envbody=\toks30
\framewidth=\dimen272
\c@framenumber=\count319
)
(/usr/local/texlive/2023/texmf-dist/tex/latex/beamer/beamerbaseverbatim.sty
\beamer@verbatimfileout=\write4
)
(/usr/local/texlive/2023/texmf-dist/tex/latex/beamer/beamerbaseframesize.sty
\beamer@splitbox=\box69
\beamer@autobreakcount=\count320
\beamer@autobreaklastheight=\dimen273
\beamer@frametitletoks=\toks31
\beamer@framesubtitletoks=\toks32
)
(/usr/local/texlive/2023/texmf-dist/tex/latex/beamer/beamerbaseframecomponents.
sty
\beamer@footins=\box70
) (/usr/local/texlive/2023/texmf-dist/tex/latex/beamer/beamerbasecolor.sty)
(/usr/local/texlive/2023/texmf-dist/tex/latex/beamer/beamerbasenotes.sty
\beamer@frameboxcopy=\box71
)
(/usr/local/texlive/2023/texmf-dist/tex/latex/beamer/beamerbasetoc.sty)
(/usr/local/texlive/2023/texmf-dist/tex/latex/beamer/beamerbasetemplates.sty
\beamer@sbttoks=\toks33

(/usr/local/texlive/2023/texmf-dist/tex/latex/beamer/beamerbaseauxtemplates.sty
(/usr/local/texlive/2023/texmf-dist/tex/latex/beamer/beamerbaseboxes.sty
\bmb@box=\box72
\bmb@colorbox=\box73
\bmb@boxwidth=\dimen274
\bmb@boxheight=\dimen275
\bmb@prevheight=\dimen276
\bmb@temp=\dimen277
\bmb@dima=\dimen278
\bmb@dimb=\dimen279
\bmb@prevheight=\dimen280
)
\beamer@blockheadheight=\dimen281
))
(/usr/local/texlive/2023/texmf-dist/tex/latex/beamer/beamerbaselocalstructure.s
ty (/usr/local/texlive/2023/texmf-dist/tex/latex/tools/enumerate.sty
Package: enumerate 2023/07/04 v3.00 enumerate extensions (DPC)
\@enLab=\toks34
)
\beamer@bibiconwidth=\skip56
\c@figure=\count321
\c@table=\count322
\abovecaptionskip=\skip57
\belowcaptionskip=\skip58
)
(/usr/local/texlive/2023/texmf-dist/tex/latex/beamer/beamerbasenavigation.sty
(/usr/local/texlive/2023/texmf-dist/tex/latex/beamer/beamerbasenavigationsymbol
s.tex)
\beamer@section@min@dim=\dimen282
)
(/usr/local/texlive/2023/texmf-dist/tex/latex/beamer/beamerbasetheorems.sty
(/usr/local/texlive/2023/texmf-dist/tex/latex/amsmath/amsmath.sty
Package: amsmath 2023/05/13 v2.17o AMS math features
\@mathmargin=\skip59

For additional information on amsmath, use the `?' option.
(/usr/local/texlive/2023/texmf-dist/tex/latex/amsmath/amstext.sty
Package: amstext 2021/08/26 v2.01 AMS text

(/usr/local/texlive/2023/texmf-dist/tex/latex/amsmath/amsgen.sty
File: amsgen.sty 1999/11/30 v2.0 generic functions
\@emptytoks=\toks35
\ex@=\dimen283
))
(/usr/local/texlive/2023/texmf-dist/tex/latex/amsmath/amsbsy.sty
Package: amsbsy 1999/11/29 v1.2d Bold Symbols
\pmbraise@=\dimen284
)
(/usr/local/texlive/2023/texmf-dist/tex/latex/amsmath/amsopn.sty
Package: amsopn 2022/04/08 v2.04 operator names
)
\inf@bad=\count323
LaTeX Info: Redefining \frac on input line 234.
\uproot@=\count324
\leftroot@=\count325
LaTeX Info: Redefining \overline on input line 399.
LaTeX Info: Redefining \colon on input line 410.
\classnum@=\count326
\DOTSCASE@=\count327
LaTeX Info: Redefining \ldots on input line 496.
LaTeX Info: Redefining \dots on input line 499.
LaTeX Info: Redefining \cdots on input line 620.
\Mathstrutbox@=\box74
\strutbox@=\box75
LaTeX Info: Redefining \big on input line 722.
LaTeX Info: Redefining \Big on input line 723.
LaTeX Info: Redefining \bigg on input line 724.
LaTeX Info: Redefining \Bigg on input line 725.
\big@size=\dimen285
LaTeX Font Info:    Redeclaring font encoding OML on input line 743.
LaTeX Font Info:    Redeclaring font encoding OMS on input line 744.
\macc@depth=\count328
LaTeX Info: Redefining \bmod on input line 905.
LaTeX Info: Redefining \pmod on input line 910.
LaTeX Info: Redefining \smash on input line 940.
LaTeX Info: Redefining \relbar on input line 970.
LaTeX Info: Redefining \Relbar on input line 971.
\c@MaxMatrixCols=\count329
\dotsspace@=\muskip17
\c@parentequation=\count330
\dspbrk@lvl=\count331
\tag@help=\toks36
\row@=\count332
\column@=\count333
\maxfields@=\count334
\andhelp@=\toks37
\eqnshift@=\dimen286
\alignsep@=\dimen287
\tagshift@=\dimen288
\tagwidth@=\dimen289
\totwidth@=\dimen290
\lineht@=\dimen291
\@envbody=\toks38
\multlinegap=\skip60
\multlinetaggap=\skip61
\mathdisplay@stack=\toks39
LaTeX Info: Redefining \[ on input line 2953.
LaTeX Info: Redefining \] on input line 2954.
)
(/usr/local/texlive/2023/texmf-dist/tex/latex/amscls/amsthm.sty
Package: amsthm 2020/05/29 v2.20.6
\thm@style=\toks40
\thm@bodyfont=\toks41
\thm@headfont=\toks42
\thm@notefont=\toks43
\thm@headpunct=\toks44
\thm@preskip=\skip62
\thm@postskip=\skip63
\thm@headsep=\skip64
\dth@everypar=\toks45
)
\c@theorem=\count335
)
(/usr/local/texlive/2023/texmf-dist/tex/latex/beamer/beamerbasethemes.sty))
(/usr/local/texlive/2023/texmf-dist/tex/latex/beamer/beamerthemedefault.sty
(/usr/local/texlive/2023/texmf-dist/tex/latex/beamer/beamerfontthemedefault.sty
)
(/usr/local/texlive/2023/texmf-dist/tex/latex/beamer/beamercolorthemedefault.st
y)
(/usr/local/texlive/2023/texmf-dist/tex/latex/beamer/beamerinnerthemedefault.st
y
\beamer@dima=\dimen292
\beamer@dimb=\dimen293
)
(/usr/local/texlive/2023/texmf-dist/tex/latex/beamer/beamerouterthemedefault.st
y)))
(/usr/local/texlive/2023/texmf-dist/tex/latex/beamer/beamerfontthemeprofessiona
lfonts.sty)
(/usr/local/texlive/2023/texmf-dist/tex/latex/l3packages/xfrac/xfrac.sty
(/usr/local/texlive/2023/texmf-dist/tex/latex/l3kernel/expl3.sty
Package: expl3 2024-01-22 L3 programming layer (loader) 

(/usr/local/texlive/2023/texmf-dist/tex/latex/l3backend/l3backend-pdftex.def
File: l3backend-pdftex.def 2024-01-04 L3 backend support: PDF output (pdfTeX)
\l__color_backend_stack_int=\count336
\l__pdf_internal_box=\box76
))
(/usr/local/texlive/2023/texmf-dist/tex/latex/l3packages/l3keys2e/l3keys2e.sty
Package: l3keys2e 2023-10-10 LaTeX2e option processing using LaTeX3 keys
) (/usr/local/texlive/2023/texmf-dist/tex/latex/base/textcomp.sty
Package: textcomp 2020/02/02 v2.0n Standard LaTeX package
)
(/usr/local/texlive/2023/texmf-dist/tex/latex/l3packages/xparse/xparse.sty
Package: xparse 2023-10-10 L3 Experimental document command parser
)
(/usr/local/texlive/2023/texmf-dist/tex/latex/l3packages/xtemplate/xtemplate.st
y
Package: xtemplate 2023-10-10 L3 Experimental prototype document functions
\l__xtemplate_tmp_dim=\dimen294
\l__xtemplate_tmp_int=\count337
\l__xtemplate_tmp_muskip=\muskip18
\l__xtemplate_tmp_skip=\skip65
)
Package: xfrac 2023-10-10 L3 Experimental split-level fractions
\l__xfrac_slash_box=\box77
\l__xfrac_tmp_box=\box78
\l__xfrac_denominator_bot_sep_dim=\dimen295
\l__xfrac_numerator_bot_sep_dim=\dimen296
\l__xfrac_numerator_top_sep_dim=\dimen297
\l__xfrac_slash_left_sep_dim=\dimen298
\l__xfrac_slash_right_sep_dim=\dimen299
\l__xfrac_slash_left_muskip=\muskip19
\l__xfrac_slash_right_muskip=\muskip20

Package xtemplate Info: Declaring object type 'xfrac' taking 3 argument(s) on
(xtemplate)             line 80.

) (/usr/local/texlive/2023/texmf-dist/tex/latex/base/latexsym.sty
Package: latexsym 1998/08/17 v2.2e Standard LaTeX package (lasy symbols)
\symlasy=\mathgroup6
LaTeX Font Info:    Overwriting symbol font `lasy' in version `bold'
(Font)                  U/lasy/m/n --> U/lasy/b/n on input line 52.
)
(/usr/local/texlive/2023/texmf-dist/tex/latex/fancyhdr/fancyhdr.sty
Package: fancyhdr 2022/11/09 v4.1 Extensive control of page headers and footers

\f@nch@headwidth=\skip66
\f@nch@O@elh=\skip67
\f@nch@O@erh=\skip68
\f@nch@O@olh=\skip69
\f@nch@O@orh=\skip70
\f@nch@O@elf=\skip71
\f@nch@O@erf=\skip72
\f@nch@O@olf=\skip73
\f@nch@O@orf=\skip74
)
(/usr/local/texlive/2023/texmf-dist/tex/latex/tools/array.sty
Package: array 2023/10/16 v2.5g Tabular extension package (FMi)
\col@sep=\dimen300
\ar@mcellbox=\box79
\extrarowheight=\dimen301
\NC@list=\toks46
\extratabsurround=\skip75
\backup@length=\skip76
\ar@cellbox=\box80
)
(/usr/local/texlive/2023/texmf-dist/tex/latex/tools/tabularx.sty
Package: tabularx 2023/07/08 v2.11c `tabularx' package (DPC)
\TX@col@width=\dimen302
\TX@old@table=\dimen303
\TX@old@col=\dimen304
\TX@target=\dimen305
\TX@delta=\dimen306
\TX@cols=\count338
\TX@ftn=\toks47
)
(/usr/local/texlive/2023/texmf-dist/tex/latex/tools/multicol.sty
Package: multicol 2023/03/30 v1.9f multicolumn formatting (FMi)
\c@tracingmulticols=\count339
\mult@box=\box81
\multicol@leftmargin=\dimen307
\c@unbalance=\count340
\c@collectmore=\count341
\doublecol@number=\count342
\multicoltolerance=\count343
\multicolpretolerance=\count344
\full@width=\dimen308
\page@free=\dimen309
\premulticols=\dimen310
\postmulticols=\dimen311
\multicolsep=\skip77
\multicolbaselineskip=\skip78
\partial@page=\box82
\last@line=\box83
\mc@boxedresult=\box84
\maxbalancingoverflow=\dimen312
\mult@rightbox=\box85
\mult@grightbox=\box86
\mult@firstbox=\box87
\mult@gfirstbox=\box88
\@tempa=\box89
\@tempa=\box90
\@tempa=\box91
\@tempa=\box92
\@tempa=\box93
\@tempa=\box94
\@tempa=\box95
\@tempa=\box96
\@tempa=\box97
\@tempa=\box98
\@tempa=\box99
\@tempa=\box100
\@tempa=\box101
\@tempa=\box102
\@tempa=\box103
\@tempa=\box104
\@tempa=\box105
\@tempa=\box106
\@tempa=\box107
\@tempa=\box108
\@tempa=\box109
\@tempa=\box110
\@tempa=\box111
\@tempa=\box112
\@tempa=\box113
\@tempa=\box114
\@tempa=\box115
\@tempa=\box116
\@tempa=\box117
\@tempa=\box118
\@tempa=\box119
\@tempa=\box120
\@tempa=\box121
\@tempa=\box122
\@tempa=\box123
\@tempa=\box124
\c@minrows=\count345
\c@columnbadness=\count346
\c@finalcolumnbadness=\count347
\last@try=\dimen313
\multicolovershoot=\dimen314
\multicolundershoot=\dimen315
\mult@nat@firstbox=\box125
\colbreak@box=\box126
\mc@col@check@num=\count348
)
(/usr/local/texlive/2023/texmf-dist/tex/latex/multirow/multirow.sty
Package: multirow 2021/03/15 v2.8 Span multiple rows of a table
\multirow@colwidth=\skip79
\multirow@cntb=\count349
\multirow@dima=\skip80
\bigstrutjot=\dimen316
)
(/usr/local/texlive/2023/texmf-dist/tex/latex/booktabs/booktabs.sty
Package: booktabs 2020/01/12 v1.61803398 Publication quality tables
\heavyrulewidth=\dimen317
\lightrulewidth=\dimen318
\cmidrulewidth=\dimen319
\belowrulesep=\dimen320
\belowbottomsep=\dimen321
\aboverulesep=\dimen322
\abovetopsep=\dimen323
\cmidrulesep=\dimen324
\cmidrulekern=\dimen325
\defaultaddspace=\dimen326
\@cmidla=\count350
\@cmidlb=\count351
\@aboverulesep=\dimen327
\@belowrulesep=\dimen328
\@thisruleclass=\count352
\@lastruleclass=\count353
\@thisrulewidth=\dimen329
)
(/usr/local/texlive/2023/texmf-dist/tex/latex/caption/subcaption.sty
Package: subcaption 2023/07/28 v1.6b Sub-captions (AR)

(/usr/local/texlive/2023/texmf-dist/tex/latex/caption/caption.sty
Package: caption 2023/08/05 v3.6o Customizing captions (AR)

(/usr/local/texlive/2023/texmf-dist/tex/latex/caption/caption3.sty
Package: caption3 2023/07/31 v2.4d caption3 kernel (AR)
\caption@tempdima=\dimen330
\captionmargin=\dimen331
\caption@leftmargin=\dimen332
\caption@rightmargin=\dimen333
\caption@width=\dimen334
\caption@indent=\dimen335
\caption@parindent=\dimen336
\caption@hangindent=\dimen337
Package caption Info: beamer document class detected.

(/usr/local/texlive/2023/texmf-dist/tex/latex/caption/caption-beamer.sto
File: caption-beamer.sto 2022/01/06 v2.0c Adaption of the caption package to th
e beamer document classes (AR)
))
\c@caption@flags=\count354
\c@continuedfloat=\count355
Package caption Info: hyperref package is loaded.
Package caption Info: Hyperref support is turned off
(caption)             because hyperref has stopped early.
)
Package caption Info: New subtype `subfigure' on input line 238.
\c@subfigure=\count356
Package caption Info: New subtype `subtable' on input line 238.
\c@subtable=\count357
)
(/usr/local/texlive/2023/texmf-dist/tex/latex/changepage/changepage.sty
Package: changepage 2009/10/20 v1.0c check page and change page layout
\c@cp@cntr=\count358
\cp@tempcnt=\count359
)
\c@df=\count360
\c@lm=\count361
\c@prp=\count362
\c@sprf=\count363
\c@prf=\count364
\c@conjecture=\count365
\c@suffc=\count366

(/usr/local/texlive/2023/texmf-dist/tex/latex/parskip/parskip.sty
Package: parskip 2021-03-14 v2.0h non-zero parskip adjustments
)
(./ATT_slides_version0-5.aux

LaTeX Warning: Label ` ' multiply defined.


LaTeX Warning: Label ` ' multiply defined.


LaTeX Warning: Label ` ' multiply defined.


LaTeX Warning: Label ` ' multiply defined.


LaTeX Warning: Label ` ' multiply defined.


LaTeX Warning: Label ` ' multiply defined.


LaTeX Warning: Label ` ' multiply defined.


LaTeX Warning: Label ` ' multiply defined.


LaTeX Warning: Label ` ' multiply defined.


LaTeX Warning: Label ` ' multiply defined.


LaTeX Warning: Label ` ' multiply defined.


LaTeX Warning: Label ` ' multiply defined.


LaTeX Warning: Label ` ' multiply defined.


LaTeX Warning: Label ` ' multiply defined.


LaTeX Warning: Label ` ' multiply defined.


LaTeX Warning: Label ` ' multiply defined.


LaTeX Warning: Label ` ' multiply defined.


LaTeX Warning: Label ` ' multiply defined.


LaTeX Warning: Label ` ' multiply defined.


LaTeX Warning: Label ` ' multiply defined.


LaTeX Warning: Label ` ' multiply defined.


LaTeX Warning: Label ` ' multiply defined.


LaTeX Warning: Label ` ' multiply defined.


LaTeX Warning: Label ` ' multiply defined.

)
\openout1 = `ATT_slides_version0-5.aux'.

LaTeX Font Info:    Checking defaults for OML/cmm/m/it on input line 64.
LaTeX Font Info:    ... okay on input line 64.
LaTeX Font Info:    Checking defaults for OMS/cmsy/m/n on input line 64.
LaTeX Font Info:    ... okay on input line 64.
LaTeX Font Info:    Checking defaults for OT1/cmr/m/n on input line 64.
LaTeX Font Info:    ... okay on input line 64.
LaTeX Font Info:    Checking defaults for T1/cmr/m/n on input line 64.
LaTeX Font Info:    ... okay on input line 64.
LaTeX Font Info:    Checking defaults for TS1/cmr/m/n on input line 64.
LaTeX Font Info:    ... okay on input line 64.
LaTeX Font Info:    Checking defaults for OMX/cmex/m/n on input line 64.
LaTeX Font Info:    ... okay on input line 64.
LaTeX Font Info:    Checking defaults for U/cmr/m/n on input line 64.
LaTeX Font Info:    ... okay on input line 64.
LaTeX Font Info:    Checking defaults for PD1/pdf/m/n on input line 64.
LaTeX Font Info:    ... okay on input line 64.
LaTeX Font Info:    Checking defaults for PU/pdf/m/n on input line 64.
LaTeX Font Info:    ... okay on input line 64.

*geometry* driver: auto-detecting
*geometry* detected driver: pdftex
*geometry* verbose mode - [ preamble ] result:
* driver: pdftex
* paper: custom
* layout: <same size as paper>
* layoutoffset:(h,v)=(0.0pt,0.0pt)
* modes: includehead includefoot 
* h-part:(L,W,R)=(28.45274pt, 307.28987pt, 28.45274pt)
* v-part:(T,H,B)=(0.0pt, 273.14662pt, 0.0pt)
* \paperwidth=364.19536pt
* \paperheight=273.14662pt
* \textwidth=307.28987pt
* \textheight=244.6939pt
* \oddsidemargin=-43.81725pt
* \evensidemargin=-43.81725pt
* \topmargin=-72.26999pt
* \headheight=14.22636pt
* \headsep=0.0pt
* \topskip=11.0pt
* \footskip=14.22636pt
* \marginparwidth=4.0pt
* \marginparsep=10.0pt
* \columnsep=10.0pt
* \skip\footins=10.0pt plus 4.0pt minus 2.0pt
* \hoffset=0.0pt
* \voffset=0.0pt
* \mag=1000
* \@twocolumnfalse
* \@twosidefalse
* \@mparswitchfalse
* \@reversemarginfalse
* (1in=72.27pt=25.4mm, 1cm=28.453pt)

(/usr/local/texlive/2023/texmf-dist/tex/context/base/mkii/supp-pdf.mkii
[Loading MPS to PDF converter (version 2006.09.02).]
\scratchcounter=\count367
\scratchdimen=\dimen338
\scratchbox=\box127
\nofMPsegments=\count368
\nofMParguments=\count369
\everyMPshowfont=\toks48
\MPscratchCnt=\count370
\MPscratchDim=\dimen339
\MPnumerator=\count371
\makeMPintoPDFobject=\count372
\everyMPtoPDFconversion=\toks49
) (/usr/local/texlive/2023/texmf-dist/tex/latex/epstopdf-pkg/epstopdf-base.sty
Package: epstopdf-base 2020-01-24 v2.11 Base part for package epstopdf
Package epstopdf-base Info: Redefining graphics rule for `.eps' on input line 4
85.

(/usr/local/texlive/2023/texmf-dist/tex/latex/latexconfig/epstopdf-sys.cfg
File: epstopdf-sys.cfg 2010/07/13 v1.3 Configuration of (r)epstopdf for TeX Liv
e
))
Package hyperref Info: Link coloring OFF on input line 64.

(./ATT_slides_version0-5.out) (./ATT_slides_version0-5.out)
\@outlinefile=\write5
\openout5 = `ATT_slides_version0-5.out'.


(/usr/local/texlive/2023/texmf-dist/tex/latex/translator/translator-basic-dicti
onary-English.dict
Dictionary: translator-basic-dictionary, Language: English 
)
(/usr/local/texlive/2023/texmf-dist/tex/latex/translator/translator-bibliograph
y-dictionary-English.dict
Dictionary: translator-bibliography-dictionary, Language: English 
)
(/usr/local/texlive/2023/texmf-dist/tex/latex/translator/translator-environment
-dictionary-English.dict
Dictionary: translator-environment-dictionary, Language: English 
)
(/usr/local/texlive/2023/texmf-dist/tex/latex/translator/translator-months-dict
ionary-English.dict
Dictionary: translator-months-dictionary, Language: English 
)
(/usr/local/texlive/2023/texmf-dist/tex/latex/translator/translator-numbers-dic
tionary-English.dict
Dictionary: translator-numbers-dictionary, Language: English 
)
(/usr/local/texlive/2023/texmf-dist/tex/latex/translator/translator-theorem-dic
tionary-English.dict
Dictionary: translator-theorem-dictionary, Language: English 
)
Package caption Info: Begin \AtBeginDocument code.
Package caption Info: changepage package is loaded.
\caption@adjustwidth@hsize=\dimen340
\caption@adjustwidth@linewidth=\dimen341
Package caption Info: End \AtBeginDocument code.
 (./ATT_slides_version0-5.nav)
LaTeX Font Info:    Trying to load font information for U+msa on input line 68.


(/usr/local/texlive/2023/texmf-dist/tex/latex/amsfonts/umsa.fd
File: umsa.fd 2013/01/14 v3.01 AMS symbols A
)
LaTeX Font Info:    Trying to load font information for U+msb on input line 68.


(/usr/local/texlive/2023/texmf-dist/tex/latex/amsfonts/umsb.fd
File: umsb.fd 2013/01/14 v3.01 AMS symbols B
)
LaTeX Font Info:    Trying to load font information for U+lasy on input line 68
.

(/usr/local/texlive/2023/texmf-dist/tex/latex/base/ulasy.fd
File: ulasy.fd 1998/08/17 v2.2e LaTeX symbol font definitions
) [1

{/usr/local/texlive/2023/texmf-var/fonts/map/pdftex/updmap/pdftex.map}] [2

]
LaTeX Font Info:    Trying to load font information for TS1+cmss on input line 
109.

(/usr/local/texlive/2023/texmf-dist/tex/latex/base/ts1cmss.fd
File: ts1cmss.fd 2023/04/13 v2.5m Standard LaTeX font definitions
) [3

{/usr/local/texlive/2023/texmf-dist/fonts/enc/dvips/cm-super/cm-super-ts1.enc}]
 [4

] [5

]
[6

] [7

] (./ATT_slides_version0-5.toc) [8

] (./ATT_slides_version0-5.toc)
[9

] [10

] [11

] [12

]

pdfTeX warning: /Library/TeX/texbin/pdflatex (file ./plots_abilities/raw/TALENT
_math_occ_no_norm_female_no_lf.pdf): PDF inclusion: found PDF version <1.6>, bu
t at most version <1.5> allowed
<plots_abilities/raw/TALENT_math_occ_no_norm_female_no_lf.pdf, id=397, 397.485p
t x 289.08pt>
File: plots_abilities/raw/TALENT_math_occ_no_norm_female_no_lf.pdf Graphic file
 (type pdf)
<use plots_abilities/raw/TALENT_math_occ_no_norm_female_no_lf.pdf>
Package pdftex.def Info: plots_abilities/raw/TALENT_math_occ_no_norm_female_no_
lf.pdf  used on input line 244.
(pdftex.def)             Requested size: 82.96957pt x 60.34247pt.


pdfTeX warning: /Library/TeX/texbin/pdflatex (file ./plots_abilities/raw/nlsy79
_mk_occ_no_norm_female_no_lf.pdf): PDF inclusion: found PDF version <1.6>, but 
at most version <1.5> allowed
<plots_abilities/raw/nlsy79_mk_occ_no_norm_female_no_lf.pdf, id=398, 397.485pt 
x 289.08pt>
File: plots_abilities/raw/nlsy79_mk_occ_no_norm_female_no_lf.pdf Graphic file (
type pdf)
<use plots_abilities/raw/nlsy79_mk_occ_no_norm_female_no_lf.pdf>
Package pdftex.def Info: plots_abilities/raw/nlsy79_mk_occ_no_norm_female_no_lf
.pdf  used on input line 244.
(pdftex.def)             Requested size: 82.96957pt x 60.34247pt.


pdfTeX warning: /Library/TeX/texbin/pdflatex (file ./plots_abilities/raw/nlsy97
_mk_occ_no_norm_female_no_lf.pdf): PDF inclusion: found PDF version <1.6>, but 
at most version <1.5> allowed
<plots_abilities/raw/nlsy97_mk_occ_no_norm_female_no_lf.pdf, id=399, 397.485pt 
x 289.08pt>
File: plots_abilities/raw/nlsy97_mk_occ_no_norm_female_no_lf.pdf Graphic file (
type pdf)
<use plots_abilities/raw/nlsy97_mk_occ_no_norm_female_no_lf.pdf>
Package pdftex.def Info: plots_abilities/raw/nlsy97_mk_occ_no_norm_female_no_lf
.pdf  used on input line 244.
(pdftex.def)             Requested size: 82.96957pt x 60.34247pt.


pdfTeX warning: /Library/TeX/texbin/pdflatex (file ./plots_abilities/raw/TALENT
_verbal_occ_no_norm_female_no_lf.pdf): PDF inclusion: found PDF version <1.6>, 
but at most version <1.5> allowed
<plots_abilities/raw/TALENT_verbal_occ_no_norm_female_no_lf.pdf, id=400, 397.48
5pt x 289.08pt>
File: plots_abilities/raw/TALENT_verbal_occ_no_norm_female_no_lf.pdf Graphic fi
le (type pdf)
<use plots_abilities/raw/TALENT_verbal_occ_no_norm_female_no_lf.pdf>
Package pdftex.def Info: plots_abilities/raw/TALENT_verbal_occ_no_norm_female_n
o_lf.pdf  used on input line 244.
(pdftex.def)             Requested size: 82.96957pt x 60.34247pt.


pdfTeX warning: /Library/TeX/texbin/pdflatex (file ./plots_abilities/raw/nlsy79
_wk_occ_no_norm_female_no_lf.pdf): PDF inclusion: found PDF version <1.6>, but 
at most version <1.5> allowed
<plots_abilities/raw/nlsy79_wk_occ_no_norm_female_no_lf.pdf, id=401, 397.485pt 
x 289.08pt>
File: plots_abilities/raw/nlsy79_wk_occ_no_norm_female_no_lf.pdf Graphic file (
type pdf)
<use plots_abilities/raw/nlsy79_wk_occ_no_norm_female_no_lf.pdf>
Package pdftex.def Info: plots_abilities/raw/nlsy79_wk_occ_no_norm_female_no_lf
.pdf  used on input line 244.
(pdftex.def)             Requested size: 82.96957pt x 60.34247pt.


pdfTeX warning: /Library/TeX/texbin/pdflatex (file ./plots_abilities/raw/nlsy97
_wk_occ_no_norm_female_no_lf.pdf): PDF inclusion: found PDF version <1.6>, but 
at most version <1.5> allowed
<plots_abilities/raw/nlsy97_wk_occ_no_norm_female_no_lf.pdf, id=402, 397.485pt 
x 289.08pt>
File: plots_abilities/raw/nlsy97_wk_occ_no_norm_female_no_lf.pdf Graphic file (
type pdf)
<use plots_abilities/raw/nlsy97_wk_occ_no_norm_female_no_lf.pdf>
Package pdftex.def Info: plots_abilities/raw/nlsy97_wk_occ_no_norm_female_no_lf
.pdf  used on input line 244.
(pdftex.def)             Requested size: 82.96957pt x 60.34247pt.
[13

 <./plots_abilities/raw/TALENT_math_occ_no_norm_female_no_lf.pdf> <./plots_abil
ities/raw/nlsy79_mk_occ_no_norm_female_no_lf.pdf> <./plots_abilities/raw/nlsy97
_mk_occ_no_norm_female_no_lf.pdf> <./plots_abilities/raw/TALENT_verbal_occ_no_n
orm_female_no_lf.pdf> <./plots_abilities/raw/nlsy79_wk_occ_no_norm_female_no_lf
.pdf> <./plots_abilities/raw/nlsy97_wk_occ_no_norm_female_no_lf.pdf>]
(./ATT_slides_version0-5.toc) [14

] [15

] [16

]

Package hyperref Warning: Ignoring empty anchor on input line 295.


Overfull \hbox (8.1465pt too wide) detected at line 295
[]
 []


Package hyperref Warning: Ignoring empty anchor on input line 295.


Overfull \vbox (2.091pt too high) detected at line 295
 []

[17

]

Package hyperref Warning: Ignoring empty anchor on input line 316.


Overfull \hbox (3.56995pt too wide) detected at line 316
[]
 []

[18

] [19

]
Overfull \hbox (8.7212pt too wide) detected at line 339
[]
 []

[20

] [21

] [22

] [23

] [24

] (./ATT_slides_version0-5.toc) [25

] [26

]
(./ATT_slides_version0-5.toc) [27

] [28

]
Overfull \hbox (11.52792pt too wide) in paragraph at lines 557--557
 [] 
 []

[29

] [30

] (./ATT_slides_version0-5.toc) [31

]
Package epstopdf Info: Source file: <plots/benchmark/tau_w_women_70.eps>
(epstopdf)                    date: 2023-08-21 15:59:37
(epstopdf)                    size: 19202 bytes
(epstopdf)             Output file: <plots/benchmark/tau_w_women_70-eps-convert
ed-to.pdf>
(epstopdf)                    date: 2026-02-25 16:51:33
(epstopdf)                    size: 15946 bytes
(epstopdf)             Command: <repstopdf --outfile=plots/benchmark/tau_w_wome
n_70-eps-converted-to.pdf plots/benchmark/tau_w_women_70.eps>
(epstopdf)             \includegraphics on input line 735.
Package epstopdf Info: Output file is already uptodate.
<plots/benchmark/tau_w_women_70-eps-converted-to.pdf, id=1468, 433.62pt x 289.0
8pt>
File: plots/benchmark/tau_w_women_70-eps-converted-to.pdf Graphic file (type pd
f)
<use plots/benchmark/tau_w_women_70-eps-converted-to.pdf>
Package pdftex.def Info: plots/benchmark/tau_w_women_70-eps-converted-to.pdf  u
sed on input line 735.
(pdftex.def)             Requested size: 245.83282pt x 163.89069pt.
 [32

 <./plots/benchmark/tau_w_women_70-eps-converted-to.pdf>]
Package epstopdf Info: Source file: <plots/benchmark/tau_w_women_70_90.eps>
(epstopdf)                    date: 2023-08-21 16:04:49
(epstopdf)                    size: 21850 bytes
(epstopdf)             Output file: <plots/benchmark/tau_w_women_70_90-eps-conv
erted-to.pdf>
(epstopdf)                    date: 2026-02-25 16:51:33
(epstopdf)                    size: 18448 bytes
(epstopdf)             Command: <repstopdf --outfile=plots/benchmark/tau_w_wome
n_70_90-eps-converted-to.pdf plots/benchmark/tau_w_women_70_90.eps>
(epstopdf)             \includegraphics on input line 747.
Package epstopdf Info: Output file is already uptodate.
<plots/benchmark/tau_w_women_70_90-eps-converted-to.pdf, id=1535, 433.62pt x 28
9.08pt>
File: plots/benchmark/tau_w_women_70_90-eps-converted-to.pdf Graphic file (type
 pdf)
<use plots/benchmark/tau_w_women_70_90-eps-converted-to.pdf>
Package pdftex.def Info: plots/benchmark/tau_w_women_70_90-eps-converted-to.pdf
  used on input line 747.
(pdftex.def)             Requested size: 245.83282pt x 163.89069pt.

pdfTeX warning (ext4): destination with the same identifier (name{\040}) has be
en already used, duplicate ignored
<to be read again> 
                   \relax 
l.747 \end{frame}
                  [33

 <./plots/benchmark/tau_w_women_70_90-eps-converted-to.pdf>]
Package epstopdf Info: Source file: <plots/benchmark/tau_w_women_70_10.eps>
(epstopdf)                    date: 2023-08-21 16:04:49
(epstopdf)                    size: 21850 bytes
(epstopdf)             Output file: <plots/benchmark/tau_w_women_70_10-eps-conv
erted-to.pdf>
(epstopdf)                    date: 2026-02-25 16:51:34
(epstopdf)                    size: 18448 bytes
(epstopdf)             Command: <repstopdf --outfile=plots/benchmark/tau_w_wome
n_70_10-eps-converted-to.pdf plots/benchmark/tau_w_women_70_10.eps>
(epstopdf)             \includegraphics on input line 761.
Package epstopdf Info: Output file is already uptodate.
<plots/benchmark/tau_w_women_70_10-eps-converted-to.pdf, id=1600, 433.62pt x 28
9.08pt>
File: plots/benchmark/tau_w_women_70_10-eps-converted-to.pdf Graphic file (type
 pdf)
<use plots/benchmark/tau_w_women_70_10-eps-converted-to.pdf>
Package pdftex.def Info: plots/benchmark/tau_w_women_70_10-eps-converted-to.pdf
  used on input line 761.
(pdftex.def)             Requested size: 245.83282pt x 163.89069pt.

pdfTeX warning (ext4): destination with the same identifier (name{\040}) has be
en already used, duplicate ignored
<to be read again> 
                   \relax 
l.761 \end{frame}
                  [34

 <./plots/benchmark/tau_w_women_70_10-eps-converted-to.pdf>]
Package epstopdf Info: Source file: <plots/benchmark/a_O_men.eps>
(epstopdf)                    date: 2023-08-21 16:04:51
(epstopdf)                    size: 31853 bytes
(epstopdf)             Output file: <plots/benchmark/a_O_men-eps-converted-to.p
df>
(epstopdf)                    date: 2026-02-25 16:53:32
(epstopdf)                    size: 19507 bytes
(epstopdf)             Command: <repstopdf --outfile=plots/benchmark/a_O_men-ep
s-converted-to.pdf plots/benchmark/a_O_men.eps>
(epstopdf)             \includegraphics on input line 773.
Package epstopdf Info: Output file is already uptodate.
<plots/benchmark/a_O_men-eps-converted-to.pdf, id=1667, 433.62pt x 289.08pt>
File: plots/benchmark/a_O_men-eps-converted-to.pdf Graphic file (type pdf)
<use plots/benchmark/a_O_men-eps-converted-to.pdf>
Package pdftex.def Info: plots/benchmark/a_O_men-eps-converted-to.pdf  used on 
input line 773.
(pdftex.def)             Requested size: 245.83282pt x 163.89069pt.

pdfTeX warning (ext4): destination with the same identifier (name{\040}) has be
en already used, duplicate ignored
<to be read again> 
                   \relax 
l.773 \end{frame}
                  [35

 <./plots/benchmark/a_O_men-eps-converted-to.pdf>]
Package epstopdf Info: Source file: <plots/benchmark/a_O_women.eps>
(epstopdf)                    date: 2023-08-21 16:04:50
(epstopdf)                    size: 32258 bytes
(epstopdf)             Output file: <plots/benchmark/a_O_women-eps-converted-to
.pdf>
(epstopdf)                    date: 2026-02-25 16:53:33
(epstopdf)                    size: 19945 bytes
(epstopdf)             Command: <repstopdf --outfile=plots/benchmark/a_O_women-
eps-converted-to.pdf plots/benchmark/a_O_women.eps>
(epstopdf)             \includegraphics on input line 785.
Package epstopdf Info: Output file is already uptodate.
<plots/benchmark/a_O_women-eps-converted-to.pdf, id=1739, 433.62pt x 289.08pt>
File: plots/benchmark/a_O_women-eps-converted-to.pdf Graphic file (type pdf)
<use plots/benchmark/a_O_women-eps-converted-to.pdf>
Package pdftex.def Info: plots/benchmark/a_O_women-eps-converted-to.pdf  used o
n input line 785.
(pdftex.def)             Requested size: 245.83282pt x 163.89069pt.

pdfTeX warning (ext4): destination with the same identifier (name{\040}) has be
en already used, duplicate ignored
<to be read again> 
                   \relax 
l.785 \end{frame}
                  [36

 <./plots/benchmark/a_O_women-eps-converted-to.pdf>]
Package epstopdf Info: Source file: <plots/benchmark/fT_women_steadystate.eps>
(epstopdf)                    date: 2023-08-21 16:04:48
(epstopdf)                    size: 29127 bytes
(epstopdf)             Output file: <plots/benchmark/fT_women_steadystate-eps-c
onverted-to.pdf>
(epstopdf)                    date: 2026-02-25 16:53:33
(epstopdf)                    size: 16897 bytes
(epstopdf)             Command: <repstopdf --outfile=plots/benchmark/fT_women_s
teadystate-eps-converted-to.pdf plots/benchmark/fT_women_steadystate.eps>
(epstopdf)             \includegraphics on input line 796.
Package epstopdf Info: Output file is already uptodate.
<plots/benchmark/fT_women_steadystate-eps-converted-to.pdf, id=1813, 433.62pt x
 289.08pt>
File: plots/benchmark/fT_women_steadystate-eps-converted-to.pdf Graphic file (t
ype pdf)
<use plots/benchmark/fT_women_steadystate-eps-converted-to.pdf>
Package pdftex.def Info: plots/benchmark/fT_women_steadystate-eps-converted-to.
pdf  used on input line 796.
(pdftex.def)             Requested size: 245.83282pt x 163.89069pt.

pdfTeX warning (ext4): destination with the same identifier (name{\040}) has be
en already used, duplicate ignored
<to be read again> 
                   \relax 
l.796 \end{frame}
                  [37

 <./plots/benchmark/fT_women_steadystate-eps-converted-to.pdf>]
Package epstopdf Info: Source file: <plots/benchmark/fT_men_steadystate.eps>
(epstopdf)                    date: 2023-08-21 16:04:49
(epstopdf)                    size: 29784 bytes
(epstopdf)             Output file: <plots/benchmark/fT_men_steadystate-eps-con
verted-to.pdf>
(epstopdf)                    date: 2026-02-25 16:53:34
(epstopdf)                    size: 17128 bytes
(epstopdf)             Command: <repstopdf --outfile=plots/benchmark/fT_men_ste
adystate-eps-converted-to.pdf plots/benchmark/fT_men_steadystate.eps>
(epstopdf)             \includegraphics on input line 807.
Package epstopdf Info: Output file is already uptodate.
<plots/benchmark/fT_men_steadystate-eps-converted-to.pdf, id=1880, 433.62pt x 2
89.08pt>
File: plots/benchmark/fT_men_steadystate-eps-converted-to.pdf Graphic file (typ
e pdf)
<use plots/benchmark/fT_men_steadystate-eps-converted-to.pdf>
Package pdftex.def Info: plots/benchmark/fT_men_steadystate-eps-converted-to.pd
f  used on input line 807.
(pdftex.def)             Requested size: 245.83282pt x 163.89069pt.

pdfTeX warning (ext4): destination with the same identifier (name{\040}) has be
en already used, duplicate ignored
<to be read again> 
                   \relax 
l.807 \end{frame}
                  [38

 <./plots/benchmark/fT_men_steadystate-eps-converted-to.pdf>]
Package epstopdf Info: Source file: <plots/benchmark/eT_steadystate.eps>
(epstopdf)                    date: 2023-08-21 16:04:50
(epstopdf)                    size: 31985 bytes
(epstopdf)             Output file: <plots/benchmark/eT_steadystate-eps-convert
ed-to.pdf>
(epstopdf)                    date: 2026-02-25 16:53:34
(epstopdf)                    size: 18282 bytes
(epstopdf)             Command: <repstopdf --outfile=plots/benchmark/eT_steadys
tate-eps-converted-to.pdf plots/benchmark/eT_steadystate.eps>
(epstopdf)             \includegraphics on input line 829.
Package epstopdf Info: Output file is already uptodate.
<plots/benchmark/eT_steadystate-eps-converted-to.pdf, id=1946, 433.62pt x 289.0
8pt>
File: plots/benchmark/eT_steadystate-eps-converted-to.pdf Graphic file (type pd
f)
<use plots/benchmark/eT_steadystate-eps-converted-to.pdf>
Package pdftex.def Info: plots/benchmark/eT_steadystate-eps-converted-to.pdf  u
sed on input line 829.
(pdftex.def)             Requested size: 245.83282pt x 163.89069pt.

pdfTeX warning (ext4): destination with the same identifier (name{\040}) has be
en already used, duplicate ignored
<to be read again> 
                   \relax 
l.829 \end{frame}
                  [39

 <./plots/benchmark/eT_steadystate-eps-converted-to.pdf>]
pdfTeX warning (ext4): destination with the same identifier (name{\040}) has be
en already used, duplicate ignored
<to be read again> 
                   \relax 
l.974 \end{frame}
                  [40

] [41

] (./ATT_slides_version0-5.toc) [42

] [43

]
Package epstopdf Info: Source file: <plots/counterfactuals/counter_1/a_O_men.ep
s>
(epstopdf)                    date: 2023-08-21 16:13:37
(epstopdf)                    size: 31955 bytes
(epstopdf)             Output file: <plots/counterfactuals/counter_1/a_O_men-ep
s-converted-to.pdf>
(epstopdf)                    date: 2026-02-25 16:53:35
(epstopdf)                    size: 19516 bytes
(epstopdf)             Command: <repstopdf --outfile=plots/counterfactuals/coun
ter_1/a_O_men-eps-converted-to.pdf plots/counterfactuals/counter_1/a_O_men.eps>

(epstopdf)             \includegraphics on input line 1036.
Package epstopdf Info: Output file is already uptodate.
<plots/counterfactuals/counter_1/a_O_men-eps-converted-to.pdf, id=2131, 433.62p
t x 289.08pt>
File: plots/counterfactuals/counter_1/a_O_men-eps-converted-to.pdf Graphic file
 (type pdf)
<use plots/counterfactuals/counter_1/a_O_men-eps-converted-to.pdf>
Package pdftex.def Info: plots/counterfactuals/counter_1/a_O_men-eps-converted-
to.pdf  used on input line 1036.
(pdftex.def)             Requested size: 245.83282pt x 163.89069pt.

pdfTeX warning (ext4): destination with the same identifier (name{\040}) has be
en already used, duplicate ignored
<to be read again> 
                   \relax 
l.1036 \end{frame}
                   [44

 <./plots/counterfactuals/counter_1/a_O_men-eps-converted-to.pdf>]
Package epstopdf Info: Source file: <plots/counterfactuals/counter_1/a_O_women.
eps>
(epstopdf)                    date: 2023-08-21 16:13:36
(epstopdf)                    size: 32362 bytes
(epstopdf)             Output file: <plots/counterfactuals/counter_1/a_O_women-
eps-converted-to.pdf>
(epstopdf)                    date: 2026-02-25 16:53:36
(epstopdf)                    size: 19918 bytes
(epstopdf)             Command: <repstopdf --outfile=plots/counterfactuals/coun
ter_1/a_O_women-eps-converted-to.pdf plots/counterfactuals/counter_1/a_O_women.
eps>
(epstopdf)             \includegraphics on input line 1048.
Package epstopdf Info: Output file is already uptodate.
<plots/counterfactuals/counter_1/a_O_women-eps-converted-to.pdf, id=2203, 433.6
2pt x 289.08pt>
File: plots/counterfactuals/counter_1/a_O_women-eps-converted-to.pdf Graphic fi
le (type pdf)
<use plots/counterfactuals/counter_1/a_O_women-eps-converted-to.pdf>
Package pdftex.def Info: plots/counterfactuals/counter_1/a_O_women-eps-converte
d-to.pdf  used on input line 1048.
(pdftex.def)             Requested size: 245.83282pt x 163.89069pt.

pdfTeX warning (ext4): destination with the same identifier (name{\040}) has be
en already used, duplicate ignored
<to be read again> 
                   \relax 
l.1048 \end{frame}
                   [45

 <./plots/counterfactuals/counter_1/a_O_women-eps-converted-to.pdf>]
Package epstopdf Info: Source file: <plots/counterfactuals/counter_1/fT_women_s
teadystate.eps>
(epstopdf)                    date: 2023-08-21 16:13:35
(epstopdf)                    size: 29026 bytes
(epstopdf)             Output file: <plots/counterfactuals/counter_1/fT_women_s
teadystate-eps-converted-to.pdf>
(epstopdf)                    date: 2026-02-25 16:53:36
(epstopdf)                    size: 16887 bytes
(epstopdf)             Command: <repstopdf --outfile=plots/counterfactuals/coun
ter_1/fT_women_steadystate-eps-converted-to.pdf plots/counterfactuals/counter_1
/fT_women_steadystate.eps>
(epstopdf)             \includegraphics on input line 1059.
Package epstopdf Info: Output file is already uptodate.
<plots/counterfactuals/counter_1/fT_women_steadystate-eps-converted-to.pdf, id=
2276, 433.62pt x 289.08pt>
File: plots/counterfactuals/counter_1/fT_women_steadystate-eps-converted-to.pdf
 Graphic file (type pdf)
<use plots/counterfactuals/counter_1/fT_women_steadystate-eps-converted-to.pdf>

Package pdftex.def Info: plots/counterfactuals/counter_1/fT_women_steadystate-e
ps-converted-to.pdf  used on input line 1059.
(pdftex.def)             Requested size: 245.83282pt x 163.89069pt.

pdfTeX warning (ext4): destination with the same identifier (name{\040}) has be
en already used, duplicate ignored
<to be read again> 
                   \relax 
l.1059 \end{frame}
                   [46

 <./plots/counterfactuals/counter_1/fT_women_steadystate-eps-converted-to.pdf>]
Package epstopdf Info: Source file: <plots/counterfactuals/counter_1/fT_men_ste
adystate.eps>
(epstopdf)                    date: 2023-08-21 16:13:35
(epstopdf)                    size: 29791 bytes
(epstopdf)             Output file: <plots/counterfactuals/counter_1/fT_men_ste
adystate-eps-converted-to.pdf>
(epstopdf)                    date: 2026-02-25 16:53:37
(epstopdf)                    size: 17112 bytes
(epstopdf)             Command: <repstopdf --outfile=plots/counterfactuals/coun
ter_1/fT_men_steadystate-eps-converted-to.pdf plots/counterfactuals/counter_1/f
T_men_steadystate.eps>
(epstopdf)             \includegraphics on input line 1070.
Package epstopdf Info: Output file is already uptodate.
<plots/counterfactuals/counter_1/fT_men_steadystate-eps-converted-to.pdf, id=23
43, 433.62pt x 289.08pt>
File: plots/counterfactuals/counter_1/fT_men_steadystate-eps-converted-to.pdf G
raphic file (type pdf)
<use plots/counterfactuals/counter_1/fT_men_steadystate-eps-converted-to.pdf>
Package pdftex.def Info: plots/counterfactuals/counter_1/fT_men_steadystate-eps
-converted-to.pdf  used on input line 1070.
(pdftex.def)             Requested size: 245.83282pt x 163.89069pt.

pdfTeX warning (ext4): destination with the same identifier (name{\040}) has be
en already used, duplicate ignored
<to be read again> 
                   \relax 
l.1070 \end{frame}
                   [47

 <./plots/counterfactuals/counter_1/fT_men_steadystate-eps-converted-to.pdf>]
Package epstopdf Info: Source file: <plots/counterfactuals/counter_1/eT_steadys
tate.eps>
(epstopdf)                    date: 2023-08-21 16:13:36
(epstopdf)                    size: 31977 bytes
(epstopdf)             Output file: <plots/counterfactuals/counter_1/eT_steadys
tate-eps-converted-to.pdf>
(epstopdf)                    date: 2026-02-25 16:53:37
(epstopdf)                    size: 18293 bytes
(epstopdf)             Command: <repstopdf --outfile=plots/counterfactuals/coun
ter_1/eT_steadystate-eps-converted-to.pdf plots/counterfactuals/counter_1/eT_st
eadystate.eps>
(epstopdf)             \includegraphics on input line 1092.
Package epstopdf Info: Output file is already uptodate.
<plots/counterfactuals/counter_1/eT_steadystate-eps-converted-to.pdf, id=2409, 
433.62pt x 289.08pt>
File: plots/counterfactuals/counter_1/eT_steadystate-eps-converted-to.pdf Graph
ic file (type pdf)
<use plots/counterfactuals/counter_1/eT_steadystate-eps-converted-to.pdf>
Package pdftex.def Info: plots/counterfactuals/counter_1/eT_steadystate-eps-con
verted-to.pdf  used on input line 1092.
(pdftex.def)             Requested size: 245.83282pt x 163.89069pt.

pdfTeX warning (ext4): destination with the same identifier (name{\040}) has be
en already used, duplicate ignored
<to be read again> 
                   \relax 
l.1092 \end{frame}
                   [48

 <./plots/counterfactuals/counter_1/eT_steadystate-eps-converted-to.pdf>]
pdfTeX warning (ext4): destination with the same identifier (name{\040}) has be
en already used, duplicate ignored
<to be read again> 
                   \relax 
l.1116 \end{frame}
                   [49

] [50

] [51

]
Package epstopdf Info: Source file: <plots/benchmark/LoM.eps>
(epstopdf)                    date: 2023-08-21 16:04:50
(epstopdf)                    size: 20532 bytes
(epstopdf)             Output file: <plots/benchmark/LoM-eps-converted-to.pdf>
(epstopdf)                    date: 2026-02-25 16:54:05
(epstopdf)                    size: 14341 bytes
(epstopdf)             Command: <repstopdf --outfile=plots/benchmark/LoM-eps-co
nverted-to.pdf plots/benchmark/LoM.eps>
(epstopdf)             \includegraphics on input line 1169.
Package epstopdf Info: Output file is already uptodate.
<plots/benchmark/LoM-eps-converted-to.pdf, id=2562, 433.62pt x 289.08pt>
File: plots/benchmark/LoM-eps-converted-to.pdf Graphic file (type pdf)
<use plots/benchmark/LoM-eps-converted-to.pdf>
Package pdftex.def Info: plots/benchmark/LoM-eps-converted-to.pdf  used on inpu
t line 1169.
(pdftex.def)             Requested size: 245.83282pt x 163.89069pt.

pdfTeX warning (ext4): destination with the same identifier (name{\040}) has be
en already used, duplicate ignored
<to be read again> 
                   \relax 
l.1169 \end{frame}
                   [52

 <./plots/benchmark/LoM-eps-converted-to.pdf>] [53

]
[54

] [55

]
Overfull \vbox (3.39955pt too high) detected at line 1270
 []

[56

]
Package epstopdf Info: Source file: <plots/benchmark/A_men_70.eps>
(epstopdf)                    date: 2023-08-21 15:59:38
(epstopdf)                    size: 19050 bytes
(epstopdf)             Output file: <plots/benchmark/A_men_70-eps-converted-to.
pdf>
(epstopdf)                    date: 2026-02-25 16:54:44
(epstopdf)                    size: 15107 bytes
(epstopdf)             Command: <repstopdf --outfile=plots/benchmark/A_men_70-e
ps-converted-to.pdf plots/benchmark/A_men_70.eps>
(epstopdf)             \includegraphics on input line 1282.
Package epstopdf Info: Output file is already uptodate.
<plots/benchmark/A_men_70-eps-converted-to.pdf, id=2749, 433.62pt x 289.08pt>
File: plots/benchmark/A_men_70-eps-converted-to.pdf Graphic file (type pdf)
<use plots/benchmark/A_men_70-eps-converted-to.pdf>
Package pdftex.def Info: plots/benchmark/A_men_70-eps-converted-to.pdf  used on
 input line 1282.
(pdftex.def)             Requested size: 245.83282pt x 163.89069pt.

pdfTeX warning (ext4): destination with the same identifier (name{\040}) has be
en already used, duplicate ignored
<to be read again> 
                   \relax 
l.1282 \end{frame}
                   [57

 <./plots/benchmark/A_men_70-eps-converted-to.pdf>]
Package epstopdf Info: Source file: <plots/benchmark/A_men_70_90.eps>
(epstopdf)                    date: 2023-08-21 16:01:47
(epstopdf)                    size: 20189 bytes
(epstopdf)             Output file: <plots/benchmark/A_men_70_90-eps-converted-
to.pdf>
(epstopdf)                    date: 2026-02-25 16:54:45
(epstopdf)                    size: 15915 bytes
(epstopdf)             Command: <repstopdf --outfile=plots/benchmark/A_men_70_9
0-eps-converted-to.pdf plots/benchmark/A_men_70_90.eps>
(epstopdf)             \includegraphics on input line 1293.
Package epstopdf Info: Output file is already uptodate.
<plots/benchmark/A_men_70_90-eps-converted-to.pdf, id=2808, 433.62pt x 289.08pt
>
File: plots/benchmark/A_men_70_90-eps-converted-to.pdf Graphic file (type pdf)
<use plots/benchmark/A_men_70_90-eps-converted-to.pdf>
Package pdftex.def Info: plots/benchmark/A_men_70_90-eps-converted-to.pdf  used
 on input line 1293.
(pdftex.def)             Requested size: 245.83282pt x 163.89069pt.

pdfTeX warning (ext4): destination with the same identifier (name{\040}) has be
en already used, duplicate ignored
<to be read again> 
                   \relax 
l.1293 \end{frame}
                   [58

 <./plots/benchmark/A_men_70_90-eps-converted-to.pdf>]
Package epstopdf Info: Source file: <plots/benchmark/A_men_70_10.eps>
(epstopdf)                    date: 2023-08-21 16:04:46
(epstopdf)                    size: 21682 bytes
(epstopdf)             Output file: <plots/benchmark/A_men_70_10-eps-converted-
to.pdf>
(epstopdf)                    date: 2026-02-25 16:54:45
(epstopdf)                    size: 17726 bytes
(epstopdf)             Command: <repstopdf --outfile=plots/benchmark/A_men_70_1
0-eps-converted-to.pdf plots/benchmark/A_men_70_10.eps>
(epstopdf)             \includegraphics on input line 1306.
Package epstopdf Info: Output file is already uptodate.
<plots/benchmark/A_men_70_10-eps-converted-to.pdf, id=2866, 433.62pt x 289.08pt
>
File: plots/benchmark/A_men_70_10-eps-converted-to.pdf Graphic file (type pdf)
<use plots/benchmark/A_men_70_10-eps-converted-to.pdf>
Package pdftex.def Info: plots/benchmark/A_men_70_10-eps-converted-to.pdf  used
 on input line 1306.
(pdftex.def)             Requested size: 245.83282pt x 163.89069pt.

pdfTeX warning (ext4): destination with the same identifier (name{\040}) has be
en already used, duplicate ignored
<to be read again> 
                   \relax 
l.1306 \end{frame}
                   [59

 <./plots/benchmark/A_men_70_10-eps-converted-to.pdf>]

Package hyperref Warning: Token not allowed in a PDF string (Unicode):
(hyperref)                removing `\translate ' on input line 1309.

Package epstopdf Info: Source file: <plots/counterfactuals/counter_1/fT_women_s
teadystate.eps>
(epstopdf)                    date: 2023-08-21 16:13:35
(epstopdf)                    size: 29026 bytes
(epstopdf)             Output file: <plots/counterfactuals/counter_1/fT_women_s
teadystate-eps-converted-to.pdf>
(epstopdf)                    date: 2026-02-25 16:53:36
(epstopdf)                    size: 16887 bytes
(epstopdf)             Command: <repstopdf --outfile=plots/counterfactuals/coun
ter_1/fT_women_steadystate-eps-converted-to.pdf plots/counterfactuals/counter_1
/fT_women_steadystate.eps>
(epstopdf)             \includegraphics on input line 1320.
Package epstopdf Info: Output file is already uptodate.
File: plots/counterfactuals/counter_1/fT_women_steadystate-eps-converted-to.pdf
 Graphic file (type pdf)
<use plots/counterfactuals/counter_1/fT_women_steadystate-eps-converted-to.pdf>

Package pdftex.def Info: plots/counterfactuals/counter_1/fT_women_steadystate-e
ps-converted-to.pdf  used on input line 1320.
(pdftex.def)             Requested size: 245.83282pt x 163.89069pt.

pdfTeX warning (ext4): destination with the same identifier (name{\040}) has be
en already used, duplicate ignored
<to be read again> 
                   \relax 
l.1320 \end{frame}
                   [60

]
Package epstopdf Info: Source file: <plots/counterfactuals/counter_1/fT_men_ste
adystate.eps>
(epstopdf)                    date: 2023-08-21 16:13:35
(epstopdf)                    size: 29791 bytes
(epstopdf)             Output file: <plots/counterfactuals/counter_1/fT_men_ste
adystate-eps-converted-to.pdf>
(epstopdf)                    date: 2026-02-25 16:53:37
(epstopdf)                    size: 17112 bytes
(epstopdf)             Command: <repstopdf --outfile=plots/counterfactuals/coun
ter_1/fT_men_steadystate-eps-converted-to.pdf plots/counterfactuals/counter_1/f
T_men_steadystate.eps>
(epstopdf)             \includegraphics on input line 1332.
Package epstopdf Info: Output file is already uptodate.
File: plots/counterfactuals/counter_1/fT_men_steadystate-eps-converted-to.pdf G
raphic file (type pdf)
<use plots/counterfactuals/counter_1/fT_men_steadystate-eps-converted-to.pdf>
Package pdftex.def Info: plots/counterfactuals/counter_1/fT_men_steadystate-eps
-converted-to.pdf  used on input line 1332.
(pdftex.def)             Requested size: 245.83282pt x 163.89069pt.

pdfTeX warning (ext4): destination with the same identifier (name{\040}) has be
en already used, duplicate ignored
<to be read again> 
                   \relax 
l.1332 \end{frame}
                   [61

]
Package epstopdf Info: Source file: <plots/counterfactuals/counter_1/eT_steadys
tate.eps>
(epstopdf)                    date: 2023-08-21 16:13:36
(epstopdf)                    size: 31977 bytes
(epstopdf)             Output file: <plots/counterfactuals/counter_1/eT_steadys
tate-eps-converted-to.pdf>
(epstopdf)                    date: 2026-02-25 16:53:37
(epstopdf)                    size: 18293 bytes
(epstopdf)             Command: <repstopdf --outfile=plots/counterfactuals/coun
ter_1/eT_steadystate-eps-converted-to.pdf plots/counterfactuals/counter_1/eT_st
eadystate.eps>
(epstopdf)             \includegraphics on input line 1344.
Package epstopdf Info: Output file is already uptodate.
File: plots/counterfactuals/counter_1/eT_steadystate-eps-converted-to.pdf Graph
ic file (type pdf)
<use plots/counterfactuals/counter_1/eT_steadystate-eps-converted-to.pdf>
Package pdftex.def Info: plots/counterfactuals/counter_1/eT_steadystate-eps-con
verted-to.pdf  used on input line 1344.
(pdftex.def)             Requested size: 245.83282pt x 163.89069pt.

pdfTeX warning (ext4): destination with the same identifier (name{\040}) has be
en already used, duplicate ignored
<to be read again> 
                   \relax 
l.1344 \end{frame}
                   [62

]
pdfTeX warning (ext4): destination with the same identifier (name{\040}) has be
en already used, duplicate ignored
<to be read again> 
                   \relax 
l.1356 \end{frame}
                   [63

]
pdfTeX warning (ext4): destination with the same identifier (name{\040}) has be
en already used, duplicate ignored
<to be read again> 
                   \relax 
l.1368 \end{frame}
                   [64

]
pdfTeX warning (ext4): destination with the same identifier (name{\040}) has be
en already used, duplicate ignored
<to be read again> 
                   \relax 
l.1380 \end{frame}
                   [65

]
\tf@nav=\write6
\openout6 = `ATT_slides_version0-5.nav'.

\tf@toc=\write7
\openout7 = `ATT_slides_version0-5.toc'.

\tf@snm=\write8
\openout8 = `ATT_slides_version0-5.snm'.

 (./ATT_slides_version0-5.aux)
 ***********
LaTeX2e <2023-11-01> patch level 1
L3 programming layer <2024-01-22>
 ***********


LaTeX Warning: There were multiply-defined labels.

Package rerunfilecheck Info: File `ATT_slides_version0-5.out' has not changed.
(rerunfilecheck)             Checksum: 8753AAE287E68D491128308BD0810D2F;680.
 ) 
Here is how much of TeX's memory you used:
 24796 strings out of 474228
 488045 string characters out of 5746458
 1939975 words of memory out of 5000000
 46365 multiletter control sequences out of 15000+600000
 569523 words of font info for 84 fonts, out of 8000000 for 9000
 1141 hyphenation exceptions out of 8191
 128i,14n,123p,541b,591s stack positions out of 10000i,1000n,20000p,200000b,200000s
</usr/local/texlive/2023/texmf-dist/fonts/type1/public/amsfonts/cm/cmex10.pfb
></usr/local/texlive/2023/texmf-dist/fonts/type1/public/amsfonts/cmextra/cmex7.
pfb></usr/local/texlive/2023/texmf-dist/fonts/type1/public/amsfonts/cmextra/cme
x8.pfb></usr/local/texlive/2023/texmf-dist/fonts/type1/public/amsfonts/cmextra/
cmex9.pfb></usr/local/texlive/2023/texmf-dist/fonts/type1/public/amsfonts/cm/cm
mi10.pfb></usr/local/texlive/2023/texmf-dist/fonts/type1/public/amsfonts/cm/cmm
i5.pfb></usr/local/texlive/2023/texmf-dist/fonts/type1/public/amsfonts/cm/cmmi6
.pfb></usr/local/texlive/2023/texmf-dist/fonts/type1/public/amsfonts/cm/cmmi7.p
fb></usr/local/texlive/2023/texmf-dist/fonts/type1/public/amsfonts/cm/cmmi8.pfb
></usr/local/texlive/2023/texmf-dist/fonts/type1/public/amsfonts/cm/cmmi9.pfb><
/usr/local/texlive/2023/texmf-dist/fonts/type1/public/amsfonts/cm/cmr10.pfb></u
sr/local/texlive/2023/texmf-dist/fonts/type1/public/amsfonts/cm/cmr5.pfb></usr/
local/texlive/2023/texmf-dist/fonts/type1/public/amsfonts/cm/cmr6.pfb></usr/loc
al/texlive/2023/texmf-dist/fonts/type1/public/amsfonts/cm/cmr7.pfb></usr/local/
texlive/2023/texmf-dist/fonts/type1/public/amsfonts/cm/cmr8.pfb></usr/local/tex
live/2023/texmf-dist/fonts/type1/public/amsfonts/cm/cmss10.pfb></usr/local/texl
ive/2023/texmf-dist/fonts/type1/public/amsfonts/cm/cmss12.pfb></usr/local/texli
ve/2023/texmf-dist/fonts/type1/public/amsfonts/cm/cmss8.pfb></usr/local/texlive
/2023/texmf-dist/fonts/type1/public/amsfonts/cm/cmss9.pfb></usr/local/texlive/2
023/texmf-dist/fonts/type1/public/amsfonts/cm/cmssi10.pfb></usr/local/texlive/2
023/texmf-dist/fonts/type1/public/amsfonts/cm/cmsy10.pfb></usr/local/texlive/20
23/texmf-dist/fonts/type1/public/amsfonts/cm/cmsy5.pfb></usr/local/texlive/2023
/texmf-dist/fonts/type1/public/amsfonts/cm/cmsy6.pfb></usr/local/texlive/2023/t
exmf-dist/fonts/type1/public/amsfonts/cm/cmsy7.pfb></usr/local/texlive/2023/tex
mf-dist/fonts/type1/public/amsfonts/cm/cmsy8.pfb></usr/local/texlive/2023/texmf
-dist/fonts/type1/public/amsfonts/symbols/msam10.pfb></usr/local/texlive/2023/t
exmf-dist/fonts/type1/public/cm-super/sfss1000.pfb>
Output written on ATT_slides_version0-5.pdf (65 pages, 936502 bytes).
PDF statistics:
 3239 PDF objects out of 3580 (max. 8388607)
 2489 compressed objects within 25 object streams
 152 named destinations out of 1000 (max. 500000)
 214 words of extra memory for PDF output out of 10000 (max. 10000000)

