This is pdfTeX, Version 3.141592653-2.6-1.40.25 (TeX Live 2023) (preloaded format=pdflatex 2024.2.12)  10 APR 2026 13:41
entering extended mode
 restricted \write18 enabled.
 file:line:error style messages enabled.
 %&-line parsing enabled.
**version1-00.tex
(./version1-00.tex
LaTeX2e <2023-11-01> patch level 1
L3 programming layer <2024-01-22>
(/usr/local/texlive/2023/texmf-dist/tex/latex/base/article.cls
Document Class: article 2023/05/17 v1.4n Standard LaTeX document class
(/usr/local/texlive/2023/texmf-dist/tex/latex/base/size11.clo
File: size11.clo 2023/05/17 v1.4n Standard LaTeX file (size option)
)
\c@part=\count187
\c@section=\count188
\c@subsection=\count189
\c@subsubsection=\count190
\c@paragraph=\count191
\c@subparagraph=\count192
\c@figure=\count193
\c@table=\count194
\abovecaptionskip=\skip48
\belowcaptionskip=\skip49
\bibindent=\dimen140
)
(/usr/local/texlive/2023/texmf-dist/tex/latex/frankenstein/achicago.sty
Package: achicago 2001/08/31 v1.2 Chicago Manual author-date citations

(/usr/local/texlive/2023/texmf-dist/tex/latex/frankenstein/blkcntrl.sty
Package: blkcntrl 2001/08/31 v1.2 block control

(/usr/local/texlive/2023/texmf-dist/tex/latex/frankenstein/moredefs.sty
Package: moredefs 2001/08/31 v1.8 more defining commands (Frankenstein's brain)

\sc@toks@a=\toks17
\sc@toks@b=\toks18
)
(/usr/local/texlive/2023/texmf-dist/tex/latex/relsize/relsize.sty
Package: relsize 2013/03/29 ver 4.1
))
(/usr/local/texlive/2023/texmf-dist/tex/latex/frankenstein/slemph.sty
Package: slemph 1999/02/25 v1.2 slanted emphasis (Frankenstein's gait)
LaTeX Info: Redefining \itswitch on input line 177.
LaTeX Info: Redefining \slswitch on input line 186.
LaTeX Info: Redefining \textitswitch on input line 195.
LaTeX Info: Redefining \textslswitch on input line 196.

(/usr/local/texlive/2023/texmf-dist/tex/latex/frankenstein/slemph.cfg
File: slemph.cfg 
))
(/usr/local/texlive/2023/texmf-dist/tex/latex/frankenstein/titles.sty
Package: titles 2001/08/31 v1.2 title macros (Frankenstein's references)

(/usr/local/texlive/2023/texmf-dist/tex/latex/frankenstein/titles.cfg
File: titles.cfg 
))
(/usr/local/texlive/2023/texmf-dist/tex/latex/tools/verbatim.sty
Package: verbatim 2023-11-06 v1.5v LaTeX2e package for verbatim enhancements
\every@verbatim=\toks19
\verbatim@line=\toks20
\verbatim@in@stream=\read2
)
\sc@box@a=\box51
)
(/usr/local/texlive/2023/texmf-dist/tex/latex/setspace/setspace.sty
Package: setspace 2022/12/04 v6.7b set line spacing
)
(/usr/local/texlive/2023/texmf-dist/tex/latex/psnfss/palatino.sty
Package: palatino 2020/03/25 PSNFSS-v9.3 (SPQR) 
)
(/usr/local/texlive/2023/texmf-dist/tex/latex/graphics/graphicx.sty
Package: graphicx 2021/09/16 v1.2d Enhanced LaTeX Graphics (DPC,SPQR)

(/usr/local/texlive/2023/texmf-dist/tex/latex/graphics/keyval.sty
Package: keyval 2022/05/29 v1.15 key=value parser (DPC)
\KV@toks@=\toks21
)
(/usr/local/texlive/2023/texmf-dist/tex/latex/graphics/graphics.sty
Package: graphics 2022/03/10 v1.4e Standard LaTeX Graphics (DPC,SPQR)

(/usr/local/texlive/2023/texmf-dist/tex/latex/graphics/trig.sty
Package: trig 2021/08/11 v1.11 sin cos tan (DPC)
)
(/usr/local/texlive/2023/texmf-dist/tex/latex/graphics-cfg/graphics.cfg
File: graphics.cfg 2016/06/04 v1.11 sample graphics configuration
)
Package graphics Info: Driver file: pdftex.def on input line 107.

(/usr/local/texlive/2023/texmf-dist/tex/latex/graphics-def/pdftex.def
File: pdftex.def 2022/09/22 v1.2b Graphics/color driver for pdftex
))
\Gin@req@height=\dimen141
\Gin@req@width=\dimen142
)
(/usr/local/texlive/2023/texmf-dist/tex/latex/amsmath/amsmath.sty
Package: amsmath 2023/05/13 v2.17o AMS math features
\@mathmargin=\skip50

For additional information on amsmath, use the `?' option.
(/usr/local/texlive/2023/texmf-dist/tex/latex/amsmath/amstext.sty
Package: amstext 2021/08/26 v2.01 AMS text

(/usr/local/texlive/2023/texmf-dist/tex/latex/amsmath/amsgen.sty
File: amsgen.sty 1999/11/30 v2.0 generic functions
\@emptytoks=\toks22
\ex@=\dimen143
))
(/usr/local/texlive/2023/texmf-dist/tex/latex/amsmath/amsbsy.sty
Package: amsbsy 1999/11/29 v1.2d Bold Symbols
\pmbraise@=\dimen144
)
(/usr/local/texlive/2023/texmf-dist/tex/latex/amsmath/amsopn.sty
Package: amsopn 2022/04/08 v2.04 operator names
)
\inf@bad=\count195
LaTeX Info: Redefining \frac on input line 234.
\uproot@=\count196
\leftroot@=\count197
LaTeX Info: Redefining \overline on input line 399.
LaTeX Info: Redefining \colon on input line 410.
\classnum@=\count198
\DOTSCASE@=\count199
LaTeX Info: Redefining \ldots on input line 496.
LaTeX Info: Redefining \dots on input line 499.
LaTeX Info: Redefining \cdots on input line 620.
\Mathstrutbox@=\box52
\strutbox@=\box53
LaTeX Info: Redefining \big on input line 722.
LaTeX Info: Redefining \Big on input line 723.
LaTeX Info: Redefining \bigg on input line 724.
LaTeX Info: Redefining \Bigg on input line 725.
\big@size=\dimen145
LaTeX Font Info:    Redeclaring font encoding OML on input line 743.
LaTeX Font Info:    Redeclaring font encoding OMS on input line 744.
\macc@depth=\count266
LaTeX Info: Redefining \bmod on input line 905.
LaTeX Info: Redefining \pmod on input line 910.
LaTeX Info: Redefining \smash on input line 940.
LaTeX Info: Redefining \relbar on input line 970.
LaTeX Info: Redefining \Relbar on input line 971.
\c@MaxMatrixCols=\count267
\dotsspace@=\muskip16
\c@parentequation=\count268
\dspbrk@lvl=\count269
\tag@help=\toks23
\row@=\count270
\column@=\count271
\maxfields@=\count272
\andhelp@=\toks24
\eqnshift@=\dimen146
\alignsep@=\dimen147
\tagshift@=\dimen148
\tagwidth@=\dimen149
\totwidth@=\dimen150
\lineht@=\dimen151
\@envbody=\toks25
\multlinegap=\skip51
\multlinetaggap=\skip52
\mathdisplay@stack=\toks26
LaTeX Info: Redefining \[ on input line 2953.
LaTeX Info: Redefining \] on input line 2954.
)
(/usr/local/texlive/2023/texmf-dist/tex/latex/amsfonts/amssymb.sty
Package: amssymb 2013/01/14 v3.01 AMS font symbols

(/usr/local/texlive/2023/texmf-dist/tex/latex/amsfonts/amsfonts.sty
Package: amsfonts 2013/01/14 v3.01 Basic AMSFonts support
\symAMSa=\mathgroup4
\symAMSb=\mathgroup5
LaTeX Font Info:    Redeclaring math symbol \hbar on input line 98.
LaTeX Font Info:    Overwriting math alphabet `\mathfrak' in version `bold'
(Font)                  U/euf/m/n --> U/euf/b/n on input line 106.
))
(/usr/local/texlive/2023/texmf-dist/tex/latex/tools/bm.sty
Package: bm 2023/07/08 v1.2f Bold Symbol Support (DPC/FMi)
\symboldoperators=\mathgroup6
\symboldletters=\mathgroup7
\symboldsymbols=\mathgroup8
Package bm Info: No bold for \OMX/cmex/m/n, using \pmb.
Package bm Info: No bold for \U/msa/m/n, using \pmb.
Package bm Info: No bold for \U/msb/m/n, using \pmb.
LaTeX Font Info:    Redeclaring math alphabet \mathbf on input line 149.
)
(/usr/local/texlive/2023/texmf-dist/tex/latex/bbm-macros/bbm.sty
Package: bbm 1999/03/15 V 1.2 provides fonts for set symbols - TH
LaTeX Font Info:    Overwriting math alphabet `\mathbbm' in version `bold'
(Font)                  U/bbm/m/n --> U/bbm/bx/n on input line 33.
LaTeX Font Info:    Overwriting math alphabet `\mathbbmss' in version `bold'
(Font)                  U/bbmss/m/n --> U/bbmss/bx/n on input line 35.
)
(/usr/local/texlive/2023/texmf-dist/tex/latex/footmisc/footmisc.sty
Package: footmisc 2023/07/05 v6.0f a miscellany of footnote facilities
\FN@temptoken=\toks27
\footnotemargin=\dimen152
\@outputbox@depth=\dimen153
Package footmisc Info: Declaring symbol style bringhurst on input line 696.
Package footmisc Info: Declaring symbol style chicago on input line 704.
Package footmisc Info: Declaring symbol style wiley on input line 713.
Package footmisc Info: Declaring symbol style lamport-robust on input line 724.

Package footmisc Info: Declaring symbol style lamport* on input line 744.
Package footmisc Info: Declaring symbol style lamport*-robust on input line 765
.
)
(/usr/local/texlive/2023/texmf-dist/tex/latex/booktabs/booktabs.sty
Package: booktabs 2020/01/12 v1.61803398 Publication quality tables
\heavyrulewidth=\dimen154
\lightrulewidth=\dimen155
\cmidrulewidth=\dimen156
\belowrulesep=\dimen157
\belowbottomsep=\dimen158
\aboverulesep=\dimen159
\abovetopsep=\dimen160
\cmidrulesep=\dimen161
\cmidrulekern=\dimen162
\defaultaddspace=\dimen163
\@cmidla=\count273
\@cmidlb=\count274
\@aboverulesep=\dimen164
\@belowrulesep=\dimen165
\@thisruleclass=\count275
\@lastruleclass=\count276
\@thisrulewidth=\dimen166
)
(/usr/local/texlive/2023/texmf-dist/tex/latex/tools/enumerate.sty
Package: enumerate 2023/07/04 v3.00 enumerate extensions (DPC)
\@enLab=\toks28
)
(/usr/local/texlive/2023/texmf-dist/tex/latex/hyperref/hyperref.sty
Package: hyperref 2024-01-20 v7.01h Hypertext links for LaTeX

(/usr/local/texlive/2023/texmf-dist/tex/generic/iftex/iftex.sty
Package: iftex 2022/02/03 v1.0f TeX engine tests
)
(/usr/local/texlive/2023/texmf-dist/tex/latex/kvsetkeys/kvsetkeys.sty
Package: kvsetkeys 2022-10-05 v1.19 Key value parser (HO)
)
(/usr/local/texlive/2023/texmf-dist/tex/generic/kvdefinekeys/kvdefinekeys.sty
Package: kvdefinekeys 2019-12-19 v1.6 Define keys (HO)
)
(/usr/local/texlive/2023/texmf-dist/tex/generic/pdfescape/pdfescape.sty
Package: pdfescape 2019/12/09 v1.15 Implements pdfTeX's escape features (HO)

(/usr/local/texlive/2023/texmf-dist/tex/generic/ltxcmds/ltxcmds.sty
Package: ltxcmds 2023-12-04 v1.26 LaTeX kernel commands for general use (HO)
)
(/usr/local/texlive/2023/texmf-dist/tex/generic/pdftexcmds/pdftexcmds.sty
Package: pdftexcmds 2020-06-27 v0.33 Utility functions of pdfTeX for LuaTeX (HO
)

(/usr/local/texlive/2023/texmf-dist/tex/generic/infwarerr/infwarerr.sty
Package: infwarerr 2019/12/03 v1.5 Providing info/warning/error messages (HO)
)
Package pdftexcmds Info: \pdf@primitive is available.
Package pdftexcmds Info: \pdf@ifprimitive is available.
Package pdftexcmds Info: \pdfdraftmode found.
))
(/usr/local/texlive/2023/texmf-dist/tex/latex/hycolor/hycolor.sty
Package: hycolor 2020-01-27 v1.10 Color options for hyperref/bookmark (HO)
)
(/usr/local/texlive/2023/texmf-dist/tex/latex/auxhook/auxhook.sty
Package: auxhook 2019-12-17 v1.6 Hooks for auxiliary files (HO)
)
(/usr/local/texlive/2023/texmf-dist/tex/latex/hyperref/nameref.sty
Package: nameref 2023-11-26 v2.56 Cross-referencing by name of section

(/usr/local/texlive/2023/texmf-dist/tex/latex/refcount/refcount.sty
Package: refcount 2019/12/15 v3.6 Data extraction from label references (HO)
)
(/usr/local/texlive/2023/texmf-dist/tex/generic/gettitlestring/gettitlestring.s
ty
Package: gettitlestring 2019/12/15 v1.6 Cleanup title references (HO)
 (/usr/local/texlive/2023/texmf-dist/tex/latex/kvoptions/kvoptions.sty
Package: kvoptions 2022-06-15 v3.15 Key value format for package options (HO)
))
\c@section@level=\count277
)
(/usr/local/texlive/2023/texmf-dist/tex/latex/etoolbox/etoolbox.sty
Package: etoolbox 2020/10/05 v2.5k e-TeX tools for LaTeX (JAW)
\etb@tempcnta=\count278
)
\@linkdim=\dimen167
\Hy@linkcounter=\count279
\Hy@pagecounter=\count280

(/usr/local/texlive/2023/texmf-dist/tex/latex/hyperref/pd1enc.def
File: pd1enc.def 2024-01-20 v7.01h Hyperref: PDFDocEncoding definition (HO)
Now handling font encoding PD1 ...
... no UTF-8 mapping file for font encoding PD1
)
(/usr/local/texlive/2023/texmf-dist/tex/generic/intcalc/intcalc.sty
Package: intcalc 2019/12/15 v1.3 Expandable calculations with integers (HO)
)
\Hy@SavedSpaceFactor=\count281

(/usr/local/texlive/2023/texmf-dist/tex/latex/hyperref/puenc.def
File: puenc.def 2024-01-20 v7.01h Hyperref: PDF Unicode definition (HO)
Now handling font encoding PU ...
... no UTF-8 mapping file for font encoding PU
)
Package hyperref Info: Option `breaklinks' set `true' on input line 4062.
Package hyperref Info: Hyper figures OFF on input line 4179.
Package hyperref Info: Link nesting OFF on input line 4184.
Package hyperref Info: Hyper index ON on input line 4187.
Package hyperref Info: Plain pages OFF on input line 4194.
Package hyperref Info: Backreferencing OFF on input line 4199.
Package hyperref Info: Implicit mode ON; LaTeX internals redefined.
Package hyperref Info: Bookmarks ON on input line 4446.
\c@Hy@tempcnt=\count282

(/usr/local/texlive/2023/texmf-dist/tex/latex/url/url.sty
\Urlmuskip=\muskip17
Package: url 2013/09/16  ver 3.4  Verb mode for urls, etc.
)
LaTeX Info: Redefining \url on input line 4784.
\XeTeXLinkMargin=\dimen168

(/usr/local/texlive/2023/texmf-dist/tex/generic/bitset/bitset.sty
Package: bitset 2019/12/09 v1.3 Handle bit-vector datatype (HO)

(/usr/local/texlive/2023/texmf-dist/tex/generic/bigintcalc/bigintcalc.sty
Package: bigintcalc 2019/12/15 v1.5 Expandable calculations on big integers (HO
)
))
\Fld@menulength=\count283
\Field@Width=\dimen169
\Fld@charsize=\dimen170
Package hyperref Info: Hyper figures OFF on input line 6063.
Package hyperref Info: Link nesting OFF on input line 6068.
Package hyperref Info: Hyper index ON on input line 6071.
Package hyperref Info: backreferencing OFF on input line 6078.
Package hyperref Info: Link coloring OFF on input line 6083.
Package hyperref Info: Link coloring with OCG OFF on input line 6088.
Package hyperref Info: PDF/A mode OFF on input line 6093.

(/usr/local/texlive/2023/texmf-dist/tex/latex/base/atbegshi-ltx.sty
Package: atbegshi-ltx 2021/01/10 v1.0c Emulation of the original atbegshi
package with kernel methods
)
\Hy@abspage=\count284
\c@Item=\count285
\c@Hfootnote=\count286
)
Package hyperref Info: Driver (autodetected): hpdftex.

(/usr/local/texlive/2023/texmf-dist/tex/latex/hyperref/hpdftex.def
File: hpdftex.def 2024-01-20 v7.01h Hyperref driver for pdfTeX

(/usr/local/texlive/2023/texmf-dist/tex/latex/base/atveryend-ltx.sty
Package: atveryend-ltx 2020/08/19 v1.0a Emulation of the original atveryend pac
kage
with kernel methods
)
\Fld@listcount=\count287
\c@bookmark@seq@number=\count288

(/usr/local/texlive/2023/texmf-dist/tex/latex/rerunfilecheck/rerunfilecheck.sty
Package: rerunfilecheck 2022-07-10 v1.10 Rerun checks for auxiliary files (HO)

(/usr/local/texlive/2023/texmf-dist/tex/generic/uniquecounter/uniquecounter.sty
Package: uniquecounter 2019/12/15 v1.4 Provide unlimited unique counter (HO)
)
Package uniquecounter Info: New unique counter `rerunfilecheck' on input line 2
85.
)
\Hy@SectionHShift=\skip53
) (/usr/local/texlive/2023/texmf-dist/tex/latex/natbib/natbib.sty
Package: natbib 2010/09/13 8.31b (PWD, AO)
\bibhang=\skip54
\bibsep=\skip55
LaTeX Info: Redefining \cite on input line 694.
LaTeX Info: Redefining \citeyear on input line 735.
\c@NAT@ctr=\count289
)
(/usr/local/texlive/2023/texmf-dist/tex/latex/pstricks/pstricks.sty
Package: pstricks 2024/02/02 v0.75 LaTeX wrapper for `PSTricks' (RN,HV)

(/usr/local/texlive/2023/texmf-dist/tex/latex/xcolor/xcolor.sty
Package: xcolor 2023/11/15 v3.01 LaTeX color extensions (UK)

(/usr/local/texlive/2023/texmf-dist/tex/latex/graphics-cfg/color.cfg
File: color.cfg 2016/01/02 v1.6 sample color configuration
)

Package xcolor Warning: Package option `usenames' is obsolete and ignored on in
put line 266.

Package xcolor Info: Driver file: pdftex.def on input line 274.
(/usr/local/texlive/2023/texmf-dist/tex/latex/graphics/mathcolor.ltx)
Package xcolor Info: Model `cmy' substituted by `cmy0' on input line 1350.
Package xcolor Info: Model `hsb' substituted by `rgb' on input line 1354.
Package xcolor Info: Model `RGB' extended on input line 1366.
Package xcolor Info: Model `HTML' substituted by `rgb' on input line 1368.
Package xcolor Info: Model `Hsb' substituted by `hsb' on input line 1369.
Package xcolor Info: Model `tHsb' substituted by `hsb' on input line 1370.
Package xcolor Info: Model `HSB' substituted by `hsb' on input line 1371.
Package xcolor Info: Model `Gray' substituted by `gray' on input line 1372.
Package xcolor Info: Model `wave' substituted by `hsb' on input line 1373.
)
(/usr/local/texlive/2023/texmf-dist/tex/latex/graphics/dvipsnam.def
File: dvipsnam.def 2016/06/17 v3.0m Driver-dependent file (DPC,SPQR)
)
(/usr/local/texlive/2023/texmf-dist/tex/generic/xkeyval/pst-xkey.tex
File: pst-xkey.tex 2005/11/25 v1.6 PSTricks specialization of xkeyval (HA)

(/usr/local/texlive/2023/texmf-dist/tex/latex/xkeyval/xkeyval.sty
Package: xkeyval 2022/06/16 v2.9 package option processing (HA)

(/usr/local/texlive/2023/texmf-dist/tex/generic/xkeyval/xkeyval.tex
(/usr/local/texlive/2023/texmf-dist/tex/generic/xkeyval/xkvutils.tex
\XKV@toks=\toks29
\XKV@tempa@toks=\toks30
)
\XKV@depth=\count290
File: xkeyval.tex 2014/12/03 v2.7a key=value parser (HA)
)))
(/usr/local/texlive/2023/texmf-dist/tex/generic/pstricks/pstricks.tex
(/usr/local/texlive/2023/texmf-dist/tex/generic/pstricks/pst-fp.tex
`pst-fp' v0.06, 2020/11/20 (hv)
\pstFP@xs=\count291
\pstFP@xia=\count292
\pstFP@xib=\count293
\pstFP@xfa=\count294
\pstFP@xfb=\count295
\pstFP@rega=\count296
\pstFP@regb=\count297
\pstFP@regs=\count298
\pstFP@times=\count299
)
(/usr/local/texlive/2023/texmf-dist/tex/latex/pgf/utilities/pgffor.sty
(/usr/local/texlive/2023/texmf-dist/tex/latex/pgf/utilities/pgfrcs.sty
(/usr/local/texlive/2023/texmf-dist/tex/generic/pgf/utilities/pgfutil-common.te
x
\pgfutil@everybye=\toks31
\pgfutil@tempdima=\dimen171
\pgfutil@tempdimb=\dimen172
)
(/usr/local/texlive/2023/texmf-dist/tex/generic/pgf/utilities/pgfutil-latex.def
\pgfutil@abb=\box54
) (/usr/local/texlive/2023/texmf-dist/tex/generic/pgf/utilities/pgfrcs.code.tex
(/usr/local/texlive/2023/texmf-dist/tex/generic/pgf/pgf.revision.tex)
Package: pgfrcs 2023-01-15 v3.1.10 (3.1.10)
))
(/usr/local/texlive/2023/texmf-dist/tex/latex/pgf/utilities/pgfkeys.sty
(/usr/local/texlive/2023/texmf-dist/tex/generic/pgf/utilities/pgfkeys.code.tex
\pgfkeys@pathtoks=\toks32
\pgfkeys@temptoks=\toks33

(/usr/local/texlive/2023/texmf-dist/tex/generic/pgf/utilities/pgfkeyslibraryfil
tered.code.tex
\pgfkeys@tmptoks=\toks34
)))
(/usr/local/texlive/2023/texmf-dist/tex/latex/pgf/math/pgfmath.sty
(/usr/local/texlive/2023/texmf-dist/tex/generic/pgf/math/pgfmath.code.tex
(/usr/local/texlive/2023/texmf-dist/tex/generic/pgf/math/pgfmathutil.code.tex
\pgf@x=\dimen173
\pgf@xa=\dimen174
\pgf@xb=\dimen175
\pgf@xc=\dimen176
\pgf@y=\dimen177
\pgf@ya=\dimen178
\pgf@yb=\dimen179
\pgf@yc=\dimen180
\c@pgf@counta=\count300
\c@pgf@countb=\count301
\c@pgf@countc=\count302
\c@pgf@countd=\count303
)
(/usr/local/texlive/2023/texmf-dist/tex/generic/pgf/math/pgfmathparser.code.tex
\pgfmath@dimen=\dimen181
\pgfmath@count=\count304
\pgfmath@box=\box55
\pgfmath@toks=\toks35
\pgfmath@stack@operand=\toks36
\pgfmath@stack@operation=\toks37
)
(/usr/local/texlive/2023/texmf-dist/tex/generic/pgf/math/pgfmathfunctions.code.
tex)
(/usr/local/texlive/2023/texmf-dist/tex/generic/pgf/math/pgfmathfunctions.basic
.code.tex)
(/usr/local/texlive/2023/texmf-dist/tex/generic/pgf/math/pgfmathfunctions.trigo
nometric.code.tex)
(/usr/local/texlive/2023/texmf-dist/tex/generic/pgf/math/pgfmathfunctions.rando
m.code.tex)
(/usr/local/texlive/2023/texmf-dist/tex/generic/pgf/math/pgfmathfunctions.compa
rison.code.tex)
(/usr/local/texlive/2023/texmf-dist/tex/generic/pgf/math/pgfmathfunctions.base.
code.tex)
(/usr/local/texlive/2023/texmf-dist/tex/generic/pgf/math/pgfmathfunctions.round
.code.tex)
(/usr/local/texlive/2023/texmf-dist/tex/generic/pgf/math/pgfmathfunctions.misc.
code.tex)
(/usr/local/texlive/2023/texmf-dist/tex/generic/pgf/math/pgfmathfunctions.integ
erarithmetics.code.tex)
(/usr/local/texlive/2023/texmf-dist/tex/generic/pgf/math/pgfmathcalc.code.tex)
(/usr/local/texlive/2023/texmf-dist/tex/generic/pgf/math/pgfmathfloat.code.tex
\c@pgfmathroundto@lastzeros=\count305
)))
(/usr/local/texlive/2023/texmf-dist/tex/generic/pgf/utilities/pgffor.code.tex
Package: pgffor 2023-01-15 v3.1.10 (3.1.10)
\pgffor@iter=\dimen182
\pgffor@skip=\dimen183
\pgffor@stack=\toks38
\pgffor@toks=\toks39
))
\psLoopIndex=\count306
`PSTricks' v3.19c  <2024/02/02> (tvz,hv)
\pst@dima=\dimen184
\pst@dimb=\dimen185
\pst@dimc=\dimen186
\pst@dimd=\dimen187
\pst@dimg=\dimen188
\pst@dimh=\dimen189
\pst@dimm=\dimen190
\pst@dimn=\dimen191
\pst@dimo=\dimen192
\pst@dimp=\dimen193
\pst@hbox=\box56
\pst@ibox=\box57
\pst@boxg=\box58
\pst@cnta=\count307
\pst@cntb=\count308
\pst@cntc=\count309
\pst@cntd=\count310
\pst@cntg=\count311
\pst@cnth=\count312
\pst@cntm=\count313
\pst@cntn=\count314
\pst@cnto=\count315
\pst@cntp=\count316
\@zero=\count317
\pst@toks=\toks40
--- We are running latex or xelatex ---
(/usr/local/texlive/2023/texmf-dist/tex/generic/pstricks/pstricks.con)
(/usr/local/texlive/2023/texmf-dist/tex/generic/pstricks/pstricks-color.tex)
\psunit=\dimen194
\psxunit=\dimen195
\psyunit=\dimen196
\pst@C@@rType=\count318
\pslinewidth=\dimen197
\psk@startLW=\dimen198
\psk@endLW=\dimen199

(/usr/local/texlive/2023/texmf-dist/tex/generic/pstricks/pstricks-arrows.tex
\pshooklength=\dimen256
\pshookwidth=\dimen257
)
\pst@customdefs=\toks41

(/usr/local/texlive/2023/texmf-dist/tex/generic/pstricks/pstricks-dots.tex)
\pslinearc=\dimen258
\pst@symbolStep=\dimen259
\pst@symbolWidth=\dimen260
\pst@symbolLinewidth=\dimen261
\everypsbox=\toks42
\psframesep=\dimen262
\pslabelsep=\dimen263
\sh@wgridXunit=\dimen264
\sh@wgridYunit=\dimen265
\pst@shift=\dimen266
\ps@imagectr=\count319

(/usr/local/texlive/2023/texmf-dist/tex/generic/pstricks/pstricks.con))
File: pstricks.tex 2024/02/02 v3.19c `PSTricks' (tvz,hv)

(/usr/local/texlive/2023/texmf-dist/tex/generic/pstricks/pst-fp.tex
`pst-fp' v0.06, 2020/11/20 (hv))
File: pst-fp.tex 2020/11/20 v0.06 `PST-fp' (hv)
)
(/usr/local/texlive/2023/texmf-dist/tex/latex/multirow/multirow.sty
Package: multirow 2021/03/15 v2.8 Span multiple rows of a table
\multirow@colwidth=\skip56
\multirow@cntb=\count320
\multirow@dima=\skip57
\bigstrutjot=\dimen267
)
(/usr/local/texlive/2023/texmf-dist/tex/latex/graphics/epsfig.sty
Package: epsfig 2017/06/25 v1.7b (e)psfig emulation (SPQR)
\epsfxsize=\dimen268
\epsfysize=\dimen269
)
(/usr/local/texlive/2023/texmf-dist/tex/latex/caption/caption.sty
Package: caption 2023/08/05 v3.6o Customizing captions (AR)

(/usr/local/texlive/2023/texmf-dist/tex/latex/caption/caption3.sty
Package: caption3 2023/07/31 v2.4d caption3 kernel (AR)
\caption@tempdima=\dimen270
\captionmargin=\dimen271
\caption@leftmargin=\dimen272
\caption@rightmargin=\dimen273
\caption@width=\dimen274
\caption@indent=\dimen275
\caption@parindent=\dimen276
\caption@hangindent=\dimen277
Package caption Info: Standard document class detected.
)
\c@caption@flags=\count321
\c@continuedfloat=\count322
Package caption Info: hyperref package is loaded.
)
(/usr/local/texlive/2023/texmf-dist/tex/latex/caption/subcaption.sty
Package: subcaption 2023/07/28 v1.6b Sub-captions (AR)
Package caption Info: New subtype `subfigure' on input line 238.
\c@subfigure=\count323
Package caption Info: New subtype `subtable' on input line 238.
\c@subtable=\count324
)
(/usr/local/texlive/2023/texmf-dist/tex/latex/graphics/lscape.sty
Package: lscape 2020/05/28 v3.02 Landscape Pages (DPC)
)
(/usr/local/texlive/2023/texmf-dist/tex/latex/graphics/rotating.sty
Package: rotating 2016/08/11 v2.16d rotated objects in LaTeX

(/usr/local/texlive/2023/texmf-dist/tex/latex/base/ifthen.sty
Package: ifthen 2022/04/13 v1.1d Standard LaTeX ifthen package (DPC)
)
\c@r@tfl@t=\count325
\rotFPtop=\skip58
\rotFPbot=\skip59
\rot@float@box=\box59
\rot@mess@toks=\toks43
)
(/usr/local/texlive/2023/texmf-dist/tex/latex/l3packages/xfrac/xfrac.sty
(/usr/local/texlive/2023/texmf-dist/tex/latex/l3kernel/expl3.sty
Package: expl3 2024-01-22 L3 programming layer (loader) 

(/usr/local/texlive/2023/texmf-dist/tex/latex/l3backend/l3backend-pdftex.def
File: l3backend-pdftex.def 2024-01-04 L3 backend support: PDF output (pdfTeX)
\l__color_backend_stack_int=\count326
\l__pdf_internal_box=\box60
))
(/usr/local/texlive/2023/texmf-dist/tex/latex/l3packages/l3keys2e/l3keys2e.sty
Package: l3keys2e 2023-10-10 LaTeX2e option processing using LaTeX3 keys
) (/usr/local/texlive/2023/texmf-dist/tex/latex/base/textcomp.sty
Package: textcomp 2020/02/02 v2.0n Standard LaTeX package
)
(/usr/local/texlive/2023/texmf-dist/tex/latex/l3packages/xparse/xparse.sty
Package: xparse 2023-10-10 L3 Experimental document command parser
)
(/usr/local/texlive/2023/texmf-dist/tex/latex/l3packages/xtemplate/xtemplate.st
y
Package: xtemplate 2023-10-10 L3 Experimental prototype document functions
\l__xtemplate_tmp_dim=\dimen278
\l__xtemplate_tmp_int=\count327
\l__xtemplate_tmp_muskip=\muskip18
\l__xtemplate_tmp_skip=\skip60
)
Package: xfrac 2023-10-10 L3 Experimental split-level fractions
\l__xfrac_slash_box=\box61
\l__xfrac_tmp_box=\box62
\l__xfrac_denominator_bot_sep_dim=\dimen279
\l__xfrac_numerator_bot_sep_dim=\dimen280
\l__xfrac_numerator_top_sep_dim=\dimen281
\l__xfrac_slash_left_sep_dim=\dimen282
\l__xfrac_slash_right_sep_dim=\dimen283
\l__xfrac_slash_left_muskip=\muskip19
\l__xfrac_slash_right_muskip=\muskip20

Package xtemplate Info: Declaring object type 'xfrac' taking 3 argument(s) on
(xtemplate)             line 80.

) (/usr/local/texlive/2023/texmf-dist/tex/latex/doublestroke/dsfont.sty
Package: dsfont 1995/08/01 v0.1 Double stroke roman fonts
)
(/usr/local/texlive/2023/texmf-dist/tex/latex/geometry/geometry.sty
Package: geometry 2020/01/02 v5.9 Page Geometry

(/usr/local/texlive/2023/texmf-dist/tex/generic/iftex/ifvtex.sty
Package: ifvtex 2019/10/25 v1.7 ifvtex legacy package. Use iftex instead.
)
\Gm@cnth=\count328
\Gm@cntv=\count329
\c@Gm@tempcnt=\count330
\Gm@bindingoffset=\dimen284
\Gm@wd@mp=\dimen285
\Gm@odd@mp=\dimen286
\Gm@even@mp=\dimen287
\Gm@layoutwidth=\dimen288
\Gm@layoutheight=\dimen289
\Gm@layouthoffset=\dimen290
\Gm@layoutvoffset=\dimen291
\Gm@dimlist=\toks44
)
(/usr/local/texlive/2023/texmf-dist/tex/latex/pdflscape/pdflscape.sty
Package: pdflscape 2022-10-27 v0.13 Display of landscape pages in PDF

(/usr/local/texlive/2023/texmf-dist/tex/latex/pdflscape/pdflscape-nometadata.st
y
Package: pdflscape-nometadata 2022-10-28 v0.13 Display of landscape pages in PD
F (HO)
Package pdflscape Info: Auto-detected driver: pdftex on input line 81.
))
\c@as=\count331
\c@conjecture=\count332
\c@corr=\count333
\c@df=\count334
\c@lemma=\count335
\c@prp=\count336
\c@clm=\count337
\c@rmk=\count338
Package hyperref Info: Option `colorlinks' set `true' on input line 39.
LaTeX Font Info:    Trying to load font information for OT1+ppl on input line 4
3.
 (/usr/local/texlive/2023/texmf-dist/tex/latex/psnfss/ot1ppl.fd
File: ot1ppl.fd 2001/06/04 font definitions for OT1/ppl.
)
(./version1-00.aux

LaTeX Warning: Label ` ' multiply defined.


LaTeX Warning: Label `eq:bc' multiply defined.


LaTeX Warning: Label `fig:nlsy79math' multiply defined.


LaTeX Warning: Label `sub@fig:nlsy79math' multiply defined.


LaTeX Warning: Label `fig:nlsy79word' multiply defined.


LaTeX Warning: Label `sub@fig:nlsy79word' multiply defined.


LaTeX Warning: Label `fig:nlsy97math' multiply defined.


LaTeX Warning: Label `sub@fig:nlsy97math' multiply defined.


LaTeX Warning: Label `fig:nlsy97wprd' multiply defined.


LaTeX Warning: Label `sub@fig:nlsy97wprd' multiply defined.


LaTeX Warning: Label `fig:nlsy79math' multiply defined.


LaTeX Warning: Label `sub@fig:nlsy79math' multiply defined.


LaTeX Warning: Label `fig:nlsy79word' multiply defined.


LaTeX Warning: Label `sub@fig:nlsy79word' multiply defined.


LaTeX Warning: Label `eq:foc-e' multiply defined.


LaTeX Warning: Label `eq:foc-s' multiply defined.


LaTeX Warning: Label `eq:occChoice' multiply defined.

)
\openout1 = `version1-00.aux'.

LaTeX Font Info:    Checking defaults for OML/cmm/m/it on input line 43.
LaTeX Font Info:    ... okay on input line 43.
LaTeX Font Info:    Checking defaults for OMS/cmsy/m/n on input line 43.
LaTeX Font Info:    ... okay on input line 43.
LaTeX Font Info:    Checking defaults for OT1/cmr/m/n on input line 43.
LaTeX Font Info:    ... okay on input line 43.
LaTeX Font Info:    Checking defaults for T1/cmr/m/n on input line 43.
LaTeX Font Info:    ... okay on input line 43.
LaTeX Font Info:    Checking defaults for TS1/cmr/m/n on input line 43.
LaTeX Font Info:    ... okay on input line 43.
LaTeX Font Info:    Checking defaults for OMX/cmex/m/n on input line 43.
LaTeX Font Info:    ... okay on input line 43.
LaTeX Font Info:    Checking defaults for U/cmr/m/n on input line 43.
LaTeX Font Info:    ... okay on input line 43.
LaTeX Font Info:    Checking defaults for PD1/pdf/m/n on input line 43.
LaTeX Font Info:    ... okay on input line 43.
LaTeX Font Info:    Checking defaults for PU/pdf/m/n on input line 43.
LaTeX Font Info:    ... okay on input line 43.
 (/usr/local/texlive/2023/texmf-dist/tex/context/base/mkii/supp-pdf.mkii
[Loading MPS to PDF converter (version 2006.09.02).]
\scratchcounter=\count339
\scratchdimen=\dimen292
\scratchbox=\box63
\nofMPsegments=\count340
\nofMParguments=\count341
\everyMPshowfont=\toks45
\MPscratchCnt=\count342
\MPscratchDim=\dimen293
\MPnumerator=\count343
\makeMPintoPDFobject=\count344
\everyMPtoPDFconversion=\toks46
) (/usr/local/texlive/2023/texmf-dist/tex/latex/epstopdf-pkg/epstopdf-base.sty
Package: epstopdf-base 2020-01-24 v2.11 Base part for package epstopdf

(/usr/local/texlive/2023/texmf-dist/tex/latex/grfext/grfext.sty
Package: grfext 2019/12/03 v1.3 Manage graphics extensions (HO)
)
Package epstopdf-base Info: Redefining graphics rule for `.eps' on input line 4
85.
Package grfext Info: Graphics extension search list:
(grfext)             [.pdf,.png,.jpg,.mps,.jpeg,.jbig2,.jb2,.PDF,.PNG,.JPG,.JPE
G,.JBIG2,.JB2,.eps]
(grfext)             \AppendGraphicsExtensions on input line 504.

(/usr/local/texlive/2023/texmf-dist/tex/latex/latexconfig/epstopdf-sys.cfg
File: epstopdf-sys.cfg 2010/07/13 v1.3 Configuration of (r)epstopdf for TeX Liv
e
))
Package hyperref Info: Link coloring ON on input line 43.

(./version1-00.out) (./version1-00.out)
\@outlinefile=\write3
\openout3 = `version1-00.out'.

Package caption Info: Begin \AtBeginDocument code.
Package caption Info: rotating package is loaded.
Package caption Info: End \AtBeginDocument code.

*geometry* driver: auto-detecting
*geometry* detected driver: pdftex
*geometry* verbose mode - [ preamble ] result:
* driver: pdftex
* paper: <default>
* layout: <same size as paper>
* layoutoffset:(h,v)=(0.0pt,0.0pt)
* modes: 
* h-part:(L,W,R)=(92.14519pt, 430.00462pt, 92.14519pt)
* v-part:(T,H,B)=(95.39737pt, 556.47656pt, 143.09605pt)
* \paperwidth=614.295pt
* \paperheight=794.96999pt
* \textwidth=448.1309pt
* \textheight=617.42471pt
* \oddsidemargin=14.22636pt
* \evensidemargin=14.22636pt
* \topmargin=-22.76219pt
* \headheight=12.0pt
* \headsep=25.0pt
* \topskip=11.0pt
* \footskip=30.0pt
* \marginparwidth=59.0pt
* \marginparsep=10.0pt
* \columnsep=10.0pt
* \skip\footins=10.0pt plus 4.0pt minus 2.0pt
* \hoffset=0.0pt
* \voffset=0.0pt
* \mag=1000
* \@twocolumnfalse
* \@twosidefalse
* \@mparswitchfalse
* \@reversemarginfalse
* (1in=72.27pt=25.4mm, 1cm=28.453pt)

LaTeX Font Info:    Trying to load font information for U+msa on input line 51.

(/usr/local/texlive/2023/texmf-dist/tex/latex/amsfonts/umsa.fd
File: umsa.fd 2013/01/14 v3.01 AMS symbols A
)
LaTeX Font Info:    Trying to load font information for U+msb on input line 51.


(/usr/local/texlive/2023/texmf-dist/tex/latex/amsfonts/umsb.fd
File: umsb.fd 2013/01/14 v3.01 AMS symbols B
)
LaTeX Font Info:    Trying to load font information for TS1+ppl on input line 5
1.

(/usr/local/texlive/2023/texmf-dist/tex/latex/psnfss/ts1ppl.fd
File: ts1ppl.fd 2001/06/04 font definitions for TS1/ppl.
)

Package natbib Warning: Citation `Hsieh:2019' on page 1 undefined on input line
 53.

[1
Non-PDF special ignored!
<special> header=pstricks.pro
Non-PDF special ignored!
<special> header=pst-algparser.pro
Non-PDF special ignored!
<special> header=pst-tools.pro
Non-PDF special ignored!
<special> header=pst-dots.pro

Non-PDF special ignored!
<special> ps: /pssetRGBcolor /setrgbcolor load def /pssetCMYKcolor /setcmyk...
Non-PDF special ignored!
<special> ps:tx@Dict begin  gsave STV CP T /ps@rot 0 def grestore  end
Non-PDF special ignored!
<special> ps:tx@Dict begin  gsave STV CP T /ps@refangle 0.  def grestore  e...
{/usr/local/texlive/2023/texmf-var/fonts/map/pdftex/updmap/pdftex.map}{/usr/loc
al/texlive/2023/texmf-dist/fonts/enc/dvips/base/8r.enc}]

Package natbib Warning: Citation `Hsieh:2019' on page 1 undefined on input line
 62.


Package natbib Warning: Citation `Roy:1951' on page 1 undefined on input line 6
4.


pdfTeX warning (ext4): destination with the same identifier (name{page.1}) has 
been already used, duplicate ignored
<to be read again> 
                   \relax 
l.65 	
       [1]

Package natbib Warning: Citation `Wiswall:2013' on page 2 undefined on input li
ne 66.


Package natbib Warning: Citation `Kolm:2024' on page 2 undefined on input line 
70.


Package natbib Warning: Citation `Wiswall:2010' on page 2 undefined on input li
ne 70.


Package natbib Warning: Citation `Biasi:2021' on page 2 undefined on input line
 70.


Package natbib Warning: Citation `Chetty:2014a' on page 2 undefined on input li
ne 70.


Package natbib Warning: Citation `Chetty:2014b' on page 2 undefined on input li
ne 70.

[2]

Package natbib Warning: Citation `Roy:1951' on page 3 undefined on input line 8
1.


Package natbib Warning: Citation `Hsieh:2019' on page 3 undefined on input line
 81.


Package natbib Warning: Citation `Hsieh:2019' on page 3 undefined on input line
 83.

[3]
Overfull \hbox (5.13835pt too wide) in paragraph at lines 96--98
\OT1/ppl/m/n/10.95 These in-vest-ments and the cor-re-spond-ing con-sump-tion i
n the fol-low-ing pe-riod are occupation-
 []


Package natbib Warning: Citation `Roy:1951' on page 4 undefined on input line 1
27.

[4] [5] [6]
LaTeX Font Info:    Trying to load font information for OT1+phv on input line 1
93.
 (/usr/local/texlive/2023/texmf-dist/tex/latex/psnfss/ot1phv.fd
File: ot1phv.fd 2020/03/25 scalable font definitions for OT1/phv.
)
[7] [8] [9] [10]
Overfull \hbox (21.00325pt too wide) in paragraph at lines 364--365
[][]\OT1/ppl/m/it/10.95 The oc-cu-pa-tional choice bound-ary, de-noted $[]\OT1/
cmr/m/n/10.95 (\OML/cmm/m/it/10.95 a[]\OT1/cmr/m/n/10.95 )$\OT1/ppl/m/it/10.95 
,
 []

[11]

LaTeX Warning: `!h' float specifier changed to `!ht'.

[12]

LaTeX Warning: `!h' float specifier changed to `!ht'.

[13] [14]

pdfTeX warning: /Library/TeX/texbin/pdflatex (file ./TALENT_math_occ.pdf): PDF 
inclusion: found PDF version <1.6>, but at most version <1.5> allowed
<TALENT_math_occ.pdf, id=291, 397.485pt x 289.08pt>
File: TALENT_math_occ.pdf Graphic file (type pdf)
<use TALENT_math_occ.pdf>
Package pdftex.def Info: TALENT_math_occ.pdf  used on input line 519.
(pdftex.def)             Requested size: 219.5866pt x 159.70465pt.


pdfTeX warning: /Library/TeX/texbin/pdflatex (file ./TALENT_verb_occ.pdf): PDF 
inclusion: found PDF version <1.6>, but at most version <1.5> allowed
<TALENT_verb_occ.pdf, id=292, 397.485pt x 289.08pt>
File: TALENT_verb_occ.pdf Graphic file (type pdf)
<use TALENT_verb_occ.pdf>
Package pdftex.def Info: TALENT_verb_occ.pdf  used on input line 524.
(pdftex.def)             Requested size: 219.5866pt x 159.70465pt.


pdfTeX warning: /Library/TeX/texbin/pdflatex (file ./TALENT_math_by_gender.pdf)
: PDF inclusion: found PDF version <1.6>, but at most version <1.5> allowed
<TALENT_math_by_gender.pdf, id=293, 397.485pt x 289.08pt>
File: TALENT_math_by_gender.pdf Graphic file (type pdf)
<use TALENT_math_by_gender.pdf>
Package pdftex.def Info: TALENT_math_by_gender.pdf  used on input line 532.
(pdftex.def)             Requested size: 219.5866pt x 159.70465pt.


pdfTeX warning: /Library/TeX/texbin/pdflatex (file ./TALENT_verb_by_gender.pdf)
: PDF inclusion: found PDF version <1.6>, but at most version <1.5> allowed
<TALENT_verb_by_gender.pdf, id=294, 397.485pt x 289.08pt>
File: TALENT_verb_by_gender.pdf Graphic file (type pdf)
<use TALENT_verb_by_gender.pdf>
Package pdftex.def Info: TALENT_verb_by_gender.pdf  used on input line 537.
(pdftex.def)             Requested size: 219.5866pt x 159.70465pt.
[15 <./TALENT_math_occ.pdf> <./TALENT_verb_occ.pdf> <./TALENT_math_by_gender.pd
f> <./TALENT_verb_by_gender.pdf>]

pdfTeX warning: /Library/TeX/texbin/pdflatex (file ./iq_by_gender.pdf): PDF inc
lusion: found PDF version <1.6>, but at most version <1.5> allowed
<iq_by_gender.pdf, id=948, 397.485pt x 289.08pt>
File: iq_by_gender.pdf Graphic file (type pdf)
<use iq_by_gender.pdf>
Package pdftex.def Info: iq_by_gender.pdf  used on input line 547.
(pdftex.def)             Requested size: 219.5866pt x 159.70465pt.


pdfTeX warning: /Library/TeX/texbin/pdflatex (file ./iq_by_gen_teach.pdf): PDF 
inclusion: found PDF version <1.6>, but at most version <1.5> allowed
<iq_by_gen_teach.pdf, id=949, 397.485pt x 289.08pt>
File: iq_by_gen_teach.pdf Graphic file (type pdf)
<use iq_by_gen_teach.pdf>
Package pdftex.def Info: iq_by_gen_teach.pdf  used on input line 553.
(pdftex.def)             Requested size: 219.5866pt x 159.70465pt.

Package natbib Warning: Citation `Cooksey:2018' on page 16 undefined on input l
ine 564.


Package natbib Warning: Citation `Altonji:2009' on page 16 undefined on input l
ine 564.


Package natbib Warning: Citation `Heckman:2006' on page 16 undefined on input l
ine 565.


Package natbib Warning: Citation `Bowles:2001' on page 16 undefined on input li
ne 565.


Package natbib Warning: Citation `Deming:2017' on page 16 undefined on input li
ne 565.

[16 <./iq_by_gender.pdf> <./iq_by_gen_teach.pdf>]

LaTeX Warning: `!h' float specifier changed to `!ht'.

[17] [18]

pdfTeX warning: /Library/TeX/texbin/pdflatex (file ./NLSY79_MK_occ.pdf): PDF in
clusion: found PDF version <1.6>, but at most version <1.5> allowed
<NLSY79_MK_occ.pdf, id=1216, 397.485pt x 289.08pt>
File: NLSY79_MK_occ.pdf Graphic file (type pdf)
<use NLSY79_MK_occ.pdf>
Package pdftex.def Info: NLSY79_MK_occ.pdf  used on input line 639.
(pdftex.def)             Requested size: 219.5866pt x 159.70465pt.


pdfTeX warning: /Library/TeX/texbin/pdflatex (file ./NLSY79_WK_occ.pdf): PDF in
clusion: found PDF version <1.6>, but at most version <1.5> allowed
<NLSY79_WK_occ.pdf, id=1217, 397.485pt x 289.08pt>
File: NLSY79_WK_occ.pdf Graphic file (type pdf)
<use NLSY79_WK_occ.pdf>
Package pdftex.def Info: NLSY79_WK_occ.pdf  used on input line 644.
(pdftex.def)             Requested size: 219.5866pt x 159.70465pt.


pdfTeX warning: /Library/TeX/texbin/pdflatex (file ./NLSY97_MK_occ.pdf): PDF in
clusion: found PDF version <1.6>, but at most version <1.5> allowed
<NLSY97_MK_occ.pdf, id=1218, 397.485pt x 289.08pt>
File: NLSY97_MK_occ.pdf Graphic file (type pdf)
<use NLSY97_MK_occ.pdf>
Package pdftex.def Info: NLSY97_MK_occ.pdf  used on input line 648.
(pdftex.def)             Requested size: 219.5866pt x 159.70465pt.


pdfTeX warning: /Library/TeX/texbin/pdflatex (file ./NLSY97_WK_occ.pdf): PDF in
clusion: found PDF version <1.6>, but at most version <1.5> allowed
<NLSY97_WK_occ.pdf, id=1219, 397.485pt x 289.08pt>
File: NLSY97_WK_occ.pdf Graphic file (type pdf)
<use NLSY97_WK_occ.pdf>
Package pdftex.def Info: NLSY97_WK_occ.pdf  used on input line 653.
(pdftex.def)             Requested size: 219.5866pt x 159.70465pt.


pdfTeX warning: /Library/TeX/texbin/pdflatex (file ./NLSY79_MK_gender.pdf): PDF
 inclusion: found PDF version <1.6>, but at most version <1.5> allowed
<NLSY79_MK_gender.pdf, id=1224, 397.485pt x 289.08pt>
File: NLSY79_MK_gender.pdf Graphic file (type pdf)
<use NLSY79_MK_gender.pdf>
Package pdftex.def Info: NLSY79_MK_gender.pdf  used on input line 679.
(pdftex.def)             Requested size: 219.5866pt x 159.70465pt.


pdfTeX warning: /Library/TeX/texbin/pdflatex (file ./NLSY79_WK_gender.pdf): PDF
 inclusion: found PDF version <1.6>, but at most version <1.5> allowed
<NLSY79_WK_gender.pdf, id=1225, 397.485pt x 289.08pt>
File: NLSY79_WK_gender.pdf Graphic file (type pdf)
<use NLSY79_WK_gender.pdf>
Package pdftex.def Info: NLSY79_WK_gender.pdf  used on input line 684.
(pdftex.def)             Requested size: 219.5866pt x 159.70465pt.


pdfTeX warning: /Library/TeX/texbin/pdflatex (file ./NLSY97_MK_gender.pdf): PDF
 inclusion: found PDF version <1.6>, but at most version <1.5> allowed
<NLSY97_MK_gender.pdf, id=1226, 397.485pt x 289.08pt>
File: NLSY97_MK_gender.pdf Graphic file (type pdf)
<use NLSY97_MK_gender.pdf>
Package pdftex.def Info: NLSY97_MK_gender.pdf  used on input line 688.
(pdftex.def)             Requested size: 219.5866pt x 159.70465pt.


pdfTeX warning: /Library/TeX/texbin/pdflatex (file ./NLSY97_WK_gender.pdf): PDF
 inclusion: found PDF version <1.6>, but at most version <1.5> allowed
<NLSY97_WK_gender.pdf, id=1227, 397.485pt x 289.08pt>
File: NLSY97_WK_gender.pdf Graphic file (type pdf)
<use NLSY97_WK_gender.pdf>
Package pdftex.def Info: NLSY97_WK_gender.pdf  used on input line 693.
(pdftex.def)             Requested size: 219.5866pt x 159.70465pt.


pdfTeX warning: /Library/TeX/texbin/pdflatex (file ./NLSY79_afqt79_gender.pdf):
 PDF inclusion: found PDF version <1.6>, but at most version <1.5> allowed
<NLSY79_afqt79_gender.pdf, id=1228, 397.485pt x 289.08pt>
File: NLSY79_afqt79_gender.pdf Graphic file (type pdf)
<use NLSY79_afqt79_gender.pdf>
Package pdftex.def Info: NLSY79_afqt79_gender.pdf  used on input line 703.
(pdftex.def)             Requested size: 219.5866pt x 159.70465pt.


pdfTeX warning: /Library/TeX/texbin/pdflatex (file ./NLSY97_afqt97_gender.pdf):
 PDF inclusion: found PDF version <1.6>, but at most version <1.5> allowed
<NLSY97_afqt97_gender.pdf, id=1229, 397.485pt x 289.08pt>
File: NLSY97_afqt97_gender.pdf Graphic file (type pdf)
<use NLSY97_afqt97_gender.pdf>
Package pdftex.def Info: NLSY97_afqt97_gender.pdf  used on input line 708.
(pdftex.def)             Requested size: 219.5866pt x 159.70465pt.
[19 <./NLSY79_MK_occ.pdf> <./NLSY79_WK_occ.pdf> <./NLSY97_MK_occ.pdf> <./NLSY97
_WK_occ.pdf>] [20 <./NLSY79_MK_gender.pdf> <./NLSY79_WK_gender.pdf> <./NLSY97_M
K_gender.pdf> <./NLSY97_WK_gender.pdf> <./NLSY79_afqt79_gender.pdf> <./NLSY97_a
fqt97_gender.pdf>]

Package natbib Warning: Citation `Guvenen:2020' on page 21 undefined on input l
ine 724.

[21]
Overfull \hbox (12.60599pt too wide) in paragraph at lines 726--727
[]\OT1/ppl/m/n/10.95 Last but not least, we use these skill pro-files to projec
t the sur-vey re-spon-dents' three-dimensional
 []

[22]

LaTeX Warning: `!h' float specifier changed to `!ht'.

[23] [24] [25

]
Package epstopdf Info: Source file: <A_men_70_10.eps>
(epstopdf)                    date: 2023-08-08 09:23:14
(epstopdf)                    size: 21686 bytes
(epstopdf)             Output file: <A_men_70_10-eps-converted-to.pdf>
(epstopdf)                    date: 2023-08-08 09:23:14
(epstopdf)                    size: 17823 bytes
(epstopdf)             Command: <repstopdf --outfile=A_men_70_10-eps-converted-
to.pdf A_men_70_10.eps>
(epstopdf)             \includegraphics on input line 889.
Package epstopdf Info: Output file is already uptodate.


pdfTeX warning: /Library/TeX/texbin/pdflatex (file ./A_men_70_10-eps-converted-
to.pdf): PDF inclusion: found PDF version <1.7>, but at most version <1.5> allo
wed
<A_men_70_10-eps-converted-to.pdf, id=2483, 433.62pt x 289.08pt>
File: A_men_70_10-eps-converted-to.pdf Graphic file (type pdf)
<use A_men_70_10-eps-converted-to.pdf>
Package pdftex.def Info: A_men_70_10-eps-converted-to.pdf  used on input line 8
89.
(pdftex.def)             Requested size: 358.50609pt x 239.01443pt.
Package epstopdf Info: Source file: <tau_w_women_70_10.eps>
(epstopdf)                    date: 2023-08-08 09:23:14
(epstopdf)                    size: 21855 bytes
(epstopdf)             Output file: <tau_w_women_70_10-eps-converted-to.pdf>
(epstopdf)                    date: 2023-08-08 09:23:14
(epstopdf)                    size: 18661 bytes
(epstopdf)             Command: <repstopdf --outfile=tau_w_women_70_10-eps-conv
erted-to.pdf tau_w_women_70_10.eps>
(epstopdf)             \includegraphics on input line 899.
Package epstopdf Info: Output file is already uptodate.


pdfTeX warning: /Library/TeX/texbin/pdflatex (file ./tau_w_women_70_10-eps-conv
erted-to.pdf): PDF inclusion: found PDF version <1.7>, but at most version <1.5
> allowed
<tau_w_women_70_10-eps-converted-to.pdf, id=2485, 433.62pt x 289.08pt>
File: tau_w_women_70_10-eps-converted-to.pdf Graphic file (type pdf)
<use tau_w_women_70_10-eps-converted-to.pdf>
Package pdftex.def Info: tau_w_women_70_10-eps-converted-to.pdf  used on input 
line 899.
(pdftex.def)             Requested size: 358.50609pt x 239.01443pt.

Overfull \hbox (6.06921pt too wide) in paragraph at lines 907--908
[]\OT1/ppl/m/n/10.95 The pa-ram-e-ter that gov-erns the ex-tent of ag-gre-gate 
la-bor mar-ket dis-crim-i-na-tion against women
 []

[26

 <./A_men_70_10-eps-converted-to.pdf>]
Package epstopdf Info: Source file: <fT_women_steadystate.eps>
(epstopdf)                    date: 2023-08-08 09:23:14
(epstopdf)                    size: 30186 bytes
(epstopdf)             Output file: <fT_women_steadystate-eps-converted-to.pdf>

(epstopdf)                    date: 2023-08-08 09:23:14
(epstopdf)                    size: 16915 bytes
(epstopdf)             Command: <repstopdf --outfile=fT_women_steadystate-eps-c
onverted-to.pdf fT_women_steadystate.eps>
(epstopdf)             \includegraphics on input line 959.
Package epstopdf Info: Output file is already uptodate.


pdfTeX warning: /Library/TeX/texbin/pdflatex (file ./fT_women_steadystate-eps-c
onverted-to.pdf): PDF inclusion: found PDF version <1.7>, but at most version <
1.5> allowed
<fT_women_steadystate-eps-converted-to.pdf, id=2527, 433.62pt x 289.08pt>
File: fT_women_steadystate-eps-converted-to.pdf Graphic file (type pdf)
<use fT_women_steadystate-eps-converted-to.pdf>
Package pdftex.def Info: fT_women_steadystate-eps-converted-to.pdf  used on inp
ut line 959.
(pdftex.def)             Requested size: 358.50609pt x 239.01443pt.
[27 <./tau_w_women_70_10-eps-converted-to.pdf>]
Package epstopdf Info: Source file: <fT_men_steadystate.eps>
(epstopdf)                    date: 2023-08-08 09:23:14
(epstopdf)                    size: 29303 bytes
(epstopdf)             Output file: <fT_men_steadystate-eps-converted-to.pdf>
(epstopdf)                    date: 2023-08-08 09:23:14
(epstopdf)                    size: 17258 bytes
(epstopdf)             Command: <repstopdf --outfile=fT_men_steadystate-eps-con
verted-to.pdf fT_men_steadystate.eps>
(epstopdf)             \includegraphics on input line 968.
Package epstopdf Info: Output file is already uptodate.


pdfTeX warning: /Library/TeX/texbin/pdflatex (file ./fT_men_steadystate-eps-con
verted-to.pdf): PDF inclusion: found PDF version <1.7>, but at most version <1.
5> allowed
<fT_men_steadystate-eps-converted-to.pdf, id=2570, 433.62pt x 289.08pt>
File: fT_men_steadystate-eps-converted-to.pdf Graphic file (type pdf)
<use fT_men_steadystate-eps-converted-to.pdf>
Package pdftex.def Info: fT_men_steadystate-eps-converted-to.pdf  used on input
 line 968.
(pdftex.def)             Requested size: 358.50609pt x 239.01443pt.
Package epstopdf Info: Source file: <eT_women_steadystate.eps>
(epstopdf)                    date: 2023-08-08 09:23:14
(epstopdf)                    size: 31427 bytes
(epstopdf)             Output file: <eT_women_steadystate-eps-converted-to.pdf>

(epstopdf)                    date: 2023-08-08 09:23:14
(epstopdf)                    size: 19184 bytes
(epstopdf)             Command: <repstopdf --outfile=eT_women_steadystate-eps-c
onverted-to.pdf eT_women_steadystate.eps>
(epstopdf)             \includegraphics on input line 991.
Package epstopdf Info: Output file is already uptodate.


pdfTeX warning: /Library/TeX/texbin/pdflatex (file ./eT_women_steadystate-eps-c
onverted-to.pdf): PDF inclusion: found PDF version <1.7>, but at most version <
1.5> allowed
<eT_women_steadystate-eps-converted-to.pdf, id=2573, 433.62pt x 289.08pt>
File: eT_women_steadystate-eps-converted-to.pdf Graphic file (type pdf)
<use eT_women_steadystate-eps-converted-to.pdf>
Package pdftex.def Info: eT_women_steadystate-eps-converted-to.pdf  used on inp
ut line 991.
(pdftex.def)             Requested size: 358.50609pt x 239.01443pt.
[28 <./fT_women_steadystate-eps-converted-to.pdf>] [29 <./fT_men_steadystate-ep
s-converted-to.pdf> <./eT_women_steadystate-eps-converted-to.pdf>]

Package natbib Warning: Citation `Roy:1951' on page 30 undefined on input line 
1023.


Package natbib Warning: Citation `Biasi:2023' on page 30 undefined on input lin
e 1029.

[30] [31]
No file version1-00.bbl.
[32] [33] [34] [35] [36]
Overfull \hbox (21.00325pt too wide) in paragraph at lines 1229--1236
[][]\OT1/ppl/m/it/10.95 The oc-cu-pa-tional choice bound-ary, de-noted $[]\OT1/
cmr/m/n/10.95 (\OML/cmm/m/it/10.95 a[]\OT1/cmr/m/n/10.95 )$\OT1/ppl/m/it/10.95 
,
 []

[37]

Package natbib Warning: There were undefined citations.

[38] (./version1-00.aux)
 ***********
LaTeX2e <2023-11-01> patch level 1
L3 programming layer <2024-01-22>
 ***********


LaTeX Warning: There were multiply-defined labels.

Package rerunfilecheck Info: File `version1-00.out' has not changed.
(rerunfilecheck)             Checksum: 84796B6185A280C265741574C6F4ED5B;4043.
 ) 
Here is how much of TeX's memory you used:
 21896 strings out of 474228
 380781 string characters out of 5746458
 1947975 words of memory out of 5000000
 43558 multiletter control sequences out of 15000+600000
 596114 words of font info for 141 fonts, out of 8000000 for 9000
 1141 hyphenation exceptions out of 8191
 75i,18n,117p,1788b,589s stack positions out of 10000i,1000n,20000p,200000b,200000s
</usr/local/texlive/2023/texmf-dist/fonts/type1/public/amsfonts/cm/cmex10.pfb
></usr/local/texlive/2023/texmf-dist/fonts/type1/public/amsfonts/cmextra/cmex7.
pfb></usr/local/texlive/2023/texmf-dist/fonts/type1/public/amsfonts/cmextra/cme
x8.pfb></usr/local/texlive/2023/texmf-dist/fonts/type1/public/amsfonts/cmextra/
cmex9.pfb></usr/local/texlive/2023/texmf-dist/fonts/type1/public/amsfonts/cm/cm
mi10.pfb></usr/local/texlive/2023/texmf-dist/fonts/type1/public/amsfonts/cm/cmm
i5.pfb></usr/local/texlive/2023/texmf-dist/fonts/type1/public/amsfonts/cm/cmmi6
.pfb></usr/local/texlive/2023/texmf-dist/fonts/type1/public/amsfonts/cm/cmmi7.p
fb></usr/local/texlive/2023/texmf-dist/fonts/type1/public/amsfonts/cm/cmmi8.pfb
></usr/local/texlive/2023/texmf-dist/fonts/type1/public/amsfonts/cm/cmmi9.pfb><
/usr/local/texlive/2023/texmf-dist/fonts/type1/public/amsfonts/cm/cmr10.pfb></u
sr/local/texlive/2023/texmf-dist/fonts/type1/public/amsfonts/cm/cmr5.pfb></usr/
local/texlive/2023/texmf-dist/fonts/type1/public/amsfonts/cm/cmr6.pfb></usr/loc
al/texlive/2023/texmf-dist/fonts/type1/public/amsfonts/cm/cmr7.pfb></usr/local/
texlive/2023/texmf-dist/fonts/type1/public/amsfonts/cm/cmr8.pfb></usr/local/tex
live/2023/texmf-dist/fonts/type1/public/amsfonts/cm/cmr9.pfb></usr/local/texliv
e/2023/texmf-dist/fonts/type1/public/amsfonts/cm/cmsy10.pfb></usr/local/texlive
/2023/texmf-dist/fonts/type1/public/amsfonts/cm/cmsy5.pfb></usr/local/texlive/2
023/texmf-dist/fonts/type1/public/amsfonts/cm/cmsy6.pfb></usr/local/texlive/202
3/texmf-dist/fonts/type1/public/amsfonts/cm/cmsy8.pfb></usr/local/texlive/2023/
texmf-dist/fonts/type1/public/amsfonts/cm/cmsy9.pfb></usr/local/texlive/2023/te
xmf-dist/fonts/type1/urw/helvetic/uhvr8a.pfb></usr/local/texlive/2023/texmf-dis
t/fonts/type1/urw/palatino/uplb8a.pfb></usr/local/texlive/2023/texmf-dist/fonts
/type1/urw/palatino/uplr8a.pfb></usr/local/texlive/2023/texmf-dist/fonts/type1/
urw/palatino/uplri8a.pfb>
Output written on version1-00.pdf (39 pages, 1274396 bytes).
PDF statistics:
 2953 PDF objects out of 2984 (max. 8388607)
 2605 compressed objects within 27 object streams
 179 named destinations out of 1000 (max. 500000)
 306 words of extra memory for PDF output out of 10000 (max. 10000000)

